[Wed Mar 16 17:35:10.103461 2016] [:error] [pid 30321] [client 64.39.103.229:53770] script '/home/cs2830/wow.centralus.cloudapp.azure.com/public_html/action.php' not found or unable to stat
[Wed Mar 16 17:35:10.121584 2016] [:error] [pid 24207] [client 64.39.103.229:53125] script '/home/cs2830/wow.centralus.cloudapp.azure.com/public_html/networking_utils.php' not found or unable to stat
[Wed Mar 16 17:35:10.181450 2016] [:error] [pid 24207] [client 64.39.103.229:53125] script '/home/cs2830/wow.centralus.cloudapp.azure.com/public_html/networking_utils.php' not found or unable to stat
[Wed Mar 16 17:35:10.241430 2016] [:error] [pid 24207] [client 64.39.103.229:53125] script '/home/cs2830/wow.centralus.cloudapp.azure.com/public_html/profile.php' not found or unable to stat
[Wed Mar 16 17:35:10.280228 2016] [core:error] [pid 24205] [client 64.39.103.229:53195] AH00126: Invalid URI in request GET /../"><script>alert(73541);</script> HTTP/1.1
[Wed Mar 16 17:35:10.284759 2016] [:error] [pid 30321] [client 64.39.103.229:53770] script '/home/cs2830/wow.centralus.cloudapp.azure.com/public_html/pp.php' not found or unable to stat
[Wed Mar 16 17:35:10.297754 2016] [:error] [pid 14810] [client 64.39.103.229:53877] script '/home/cs2830/wow.centralus.cloudapp.azure.com/public_html/2tKscgNA.php' not found or unable to stat
[Wed Mar 16 17:35:10.358490 2016] [:error] [pid 14810] [client 64.39.103.229:53877] script '/home/cs2830/wow.centralus.cloudapp.azure.com/public_html/2sNn1cBe.php3' not found or unable to stat
[Wed Mar 16 17:35:10.404654 2016] [:error] [pid 30321] [client 64.39.103.229:53770] script '/home/cs2830/wow.centralus.cloudapp.azure.com/public_html/search.php' not found or unable to stat
[Wed Mar 16 17:35:10.418592 2016] [:error] [pid 14810] [client 64.39.103.229:53877] script '/home/cs2830/wow.centralus.cloudapp.azure.com/public_html/54U7nrX0.php4' not found or unable to stat
[Wed Mar 16 17:35:10.422435 2016] [:error] [pid 24207] [client 64.39.103.229:53125] script '/home/cs2830/wow.centralus.cloudapp.azure.com/public_html/viewtopic.php' not found or unable to stat
[Wed Mar 16 17:35:10.464646 2016] [:error] [pid 30321] [client 64.39.103.229:53770] script '/home/cs2830/wow.centralus.cloudapp.azure.com/public_html/index.php' not found or unable to stat
[Wed Mar 16 17:35:10.478587 2016] [:error] [pid 14810] [client 64.39.103.229:53877] script '/home/cs2830/wow.centralus.cloudapp.azure.com/public_html/7p0866N0.php' not found or unable to stat
[Wed Mar 16 17:35:10.501534 2016] [:error] [pid 24206] [client 64.39.103.229:53993] script '/home/cs2830/wow.centralus.cloudapp.azure.com/public_html/modules.php' not found or unable to stat
[Wed Mar 16 17:35:10.524977 2016] [:error] [pid 30321] [client 64.39.103.229:53770] script '/home/cs2830/wow.centralus.cloudapp.azure.com/public_html/nphpd.php' not found or unable to stat
[Wed Mar 16 17:35:10.538956 2016] [:error] [pid 14810] [client 64.39.103.229:53877] script '/home/cs2830/wow.centralus.cloudapp.azure.com/public_html/9AbbGOBK.php3' not found or unable to stat
[Wed Mar 16 17:35:10.562512 2016] [:error] [pid 24206] [client 64.39.103.229:53993] script '/home/cs2830/wow.centralus.cloudapp.azure.com/public_html/guestbook.php' not found or unable to stat
[Wed Mar 16 17:35:10.584715 2016] [:error] [pid 30321] [client 64.39.103.229:53770] script '/home/cs2830/wow.centralus.cloudapp.azure.com/public_html/nphpd.php' not found or unable to stat
[Wed Mar 16 17:35:10.599810 2016] [:error] [pid 14810] [client 64.39.103.229:53877] script '/home/cs2830/wow.centralus.cloudapp.azure.com/public_html/4R67TBfc.php4' not found or unable to stat
[Wed Mar 16 17:35:10.622603 2016] [:error] [pid 24206] [client 64.39.103.229:53993] script '/home/cs2830/wow.centralus.cloudapp.azure.com/public_html/gb.php' not found or unable to stat
[Wed Mar 16 17:35:10.631551 2016] [:error] [pid 24208] [client 64.39.103.229:54043] script '/home/cs2830/wow.centralus.cloudapp.azure.com/public_html/insert.inc.php' not found or unable to stat
[Wed Mar 16 17:35:10.644545 2016] [:error] [pid 30321] [client 64.39.103.229:53770] script '/home/cs2830/wow.centralus.cloudapp.azure.com/public_html/nphpd.php' not found or unable to stat
[Wed Mar 16 17:35:10.682412 2016] [:error] [pid 24206] [client 64.39.103.229:53993] script '/home/cs2830/wow.centralus.cloudapp.azure.com/public_html/guest.php' not found or unable to stat
[Wed Mar 16 17:35:10.692873 2016] [:error] [pid 24208] [client 64.39.103.229:54043] script '/home/cs2830/wow.centralus.cloudapp.azure.com/public_html/default.php' not found or unable to stat
[Wed Mar 16 17:35:10.742511 2016] [:error] [pid 24206] [client 64.39.103.229:53993] script '/home/cs2830/wow.centralus.cloudapp.azure.com/public_html/bigsam.php' not found or unable to stat
[Wed Mar 16 17:35:10.762500 2016] [:error] [pid 30321] [client 64.39.103.229:53770] script '/home/cs2830/wow.centralus.cloudapp.azure.com/public_html/search.php' not found or unable to stat
[Wed Mar 16 17:35:10.782184 2016] [:error] [pid 14810] [client 64.39.103.229:53877] script '/home/cs2830/wow.centralus.cloudapp.azure.com/public_html/out.php' not found or unable to stat
[Wed Mar 16 17:35:10.821560 2016] [:error] [pid 30321] [client 64.39.103.229:53770] script '/home/cs2830/wow.centralus.cloudapp.azure.com/public_html/php-ping.php' not found or unable to stat
[Wed Mar 16 17:35:10.824728 2016] [core:error] [pid 14811] [client 64.39.103.229:54068] AH00135: Invalid method in request ABCD / HTTP/1.1
[Wed Mar 16 17:35:10.842428 2016] [:error] [pid 14810] [client 64.39.103.229:53877] script '/home/cs2830/wow.centralus.cloudapp.azure.com/public_html/in.php' not found or unable to stat
[Wed Mar 16 17:35:10.862525 2016] [:error] [pid 24206] [client 64.39.103.229:53993] script '/home/cs2830/wow.centralus.cloudapp.azure.com/public_html/admin.php' not found or unable to stat
[Wed Mar 16 17:35:10.880598 2016] [:error] [pid 30321] [client 64.39.103.229:53770] script '/home/cs2830/wow.centralus.cloudapp.azure.com/public_html/php-ping.php' not found or unable to stat
[Wed Mar 16 17:35:10.902636 2016] [:error] [pid 14810] [client 64.39.103.229:53877] script '/home/cs2830/wow.centralus.cloudapp.azure.com/public_html/defines.php' not found or unable to stat
[Wed Mar 16 17:35:10.918016 2016] [:error] [pid 24203] [client 64.39.103.229:53884] script '/home/cs2830/wow.centralus.cloudapp.azure.com/public_html/modules.php' not found or unable to stat
[Wed Mar 16 17:35:10.922460 2016] [:error] [pid 24206] [client 64.39.103.229:53993] script '/home/cs2830/wow.centralus.cloudapp.azure.com/public_html/error.php' not found or unable to stat
[Wed Mar 16 17:35:10.939704 2016] [:error] [pid 30321] [client 64.39.103.229:53770] script '/home/cs2830/wow.centralus.cloudapp.azure.com/public_html/imageview.php' not found or unable to stat
[Wed Mar 16 17:35:10.964041 2016] [:error] [pid 14810] [client 64.39.103.229:53877] script '/home/cs2830/wow.centralus.cloudapp.azure.com/public_html/modules.php' not found or unable to stat
[Wed Mar 16 17:35:10.982616 2016] [:error] [pid 24206] [client 64.39.103.229:53993] script '/home/cs2830/wow.centralus.cloudapp.azure.com/public_html/postbug.php' not found or unable to stat
[Wed Mar 16 17:35:10.999579 2016] [:error] [pid 30321] [client 64.39.103.229:53770] script '/home/cs2830/wow.centralus.cloudapp.azure.com/public_html/comments.php' not found or unable to stat
[Wed Mar 16 17:35:11.025623 2016] [:error] [pid 14810] [client 64.39.103.229:53877] script '/home/cs2830/wow.centralus.cloudapp.azure.com/public_html/modules.php' not found or unable to stat
[Wed Mar 16 17:35:11.043439 2016] [:error] [pid 24206] [client 64.39.103.229:53993] script '/home/cs2830/wow.centralus.cloudapp.azure.com/public_html/user.php' not found or unable to stat
[Wed Mar 16 17:35:11.044740 2016] [:error] [pid 31895] [client 64.39.103.229:54095] script '/home/cs2830/wow.centralus.cloudapp.azure.com/public_html/error.php' not found or unable to stat
[Wed Mar 16 17:35:11.059070 2016] [:error] [pid 30321] [client 64.39.103.229:53770] script '/home/cs2830/wow.centralus.cloudapp.azure.com/public_html/index.php' not found or unable to stat
[Wed Mar 16 17:35:11.085746 2016] [:error] [pid 14810] [client 64.39.103.229:53877] script '/home/cs2830/wow.centralus.cloudapp.azure.com/public_html/modules.php' not found or unable to stat
[Wed Mar 16 17:35:11.103845 2016] [:error] [pid 24206] [client 64.39.103.229:53993] script '/home/cs2830/wow.centralus.cloudapp.azure.com/public_html/user.php' not found or unable to stat
[Wed Mar 16 17:35:11.104613 2016] [:error] [pid 31895] [client 64.39.103.229:54095] script '/home/cs2830/wow.centralus.cloudapp.azure.com/public_html/phonebook.php' not found or unable to stat
[Wed Mar 16 17:35:11.118862 2016] [:error] [pid 30321] [client 64.39.103.229:53770] script '/home/cs2830/wow.centralus.cloudapp.azure.com/public_html/pollBooth.php' not found or unable to stat
[Wed Mar 16 17:35:11.145688 2016] [:error] [pid 14810] [client 64.39.103.229:53877] script '/home/cs2830/wow.centralus.cloudapp.azure.com/public_html/modules.php' not found or unable to stat
[Wed Mar 16 17:35:11.157985 2016] [:error] [pid 24203] [client 64.39.103.229:53884] script '/home/cs2830/wow.centralus.cloudapp.azure.com/public_html/modules.php' not found or unable to stat
[Wed Mar 16 17:35:11.178596 2016] [:error] [pid 30321] [client 64.39.103.229:53770] script '/home/cs2830/wow.centralus.cloudapp.azure.com/public_html/board.php' not found or unable to stat
[Wed Mar 16 17:35:11.205740 2016] [:error] [pid 14810] [client 64.39.103.229:53877] script '/home/cs2830/wow.centralus.cloudapp.azure.com/public_html/chitchat.php' not found or unable to stat
[Wed Mar 16 17:35:11.218971 2016] [:error] [pid 24203] [client 64.39.103.229:53884] script '/home/cs2830/wow.centralus.cloudapp.azure.com/public_html/profile.php' not found or unable to stat
[Wed Mar 16 17:35:11.223597 2016] [core:error] [pid 31895] [client 64.39.103.229:54095] AH00082: an unknown filter was not added: includes
[Wed Mar 16 17:35:11.224763 2016] [:error] [pid 24206] [client 64.39.103.229:53993] script '/home/cs2830/wow.centralus.cloudapp.azure.com/public_html/config.php' not found or unable to stat
[Wed Mar 16 17:35:11.265578 2016] [:error] [pid 14810] [client 64.39.103.229:53877] script '/home/cs2830/wow.centralus.cloudapp.azure.com/public_html/chitchat_mainpage.php' not found or unable to stat
[Wed Mar 16 17:35:11.278580 2016] [:error] [pid 24203] [client 64.39.103.229:53884] script '/home/cs2830/wow.centralus.cloudapp.azure.com/public_html/phptonuke.php' not found or unable to stat
[Wed Mar 16 17:35:11.283522 2016] [core:error] [pid 31895] [client 64.39.103.229:54095] AH00126: Invalid URI in request GET /../../../../../../../../../../../boot.ini::$DATA HTTP/1.1
[Wed Mar 16 17:35:11.384552 2016] [:error] [pid 14810] [client 64.39.103.229:53877] script '/home/cs2830/wow.centralus.cloudapp.azure.com/public_html/default.php' not found or unable to stat
[Wed Mar 16 17:35:11.415562 2016] [:error] [pid 30321] [client 64.39.103.229:53770] script '/home/cs2830/wow.centralus.cloudapp.azure.com/public_html/athenareg.php' not found or unable to stat
[Wed Mar 16 17:35:11.521998 2016] [:error] [pid 24207] [client 64.39.103.229:54165] script '/home/cs2830/wow.centralus.cloudapp.azure.com/public_html/derniers_commentaires.php' not found or unable to stat
[Wed Mar 16 17:35:11.566388 2016] [:error] [pid 14810] [client 64.39.103.229:53877] script '/home/cs2830/wow.centralus.cloudapp.azure.com/public_html/calendar.php' not found or unable to stat
[Wed Mar 16 17:35:11.581971 2016] [:error] [pid 24207] [client 64.39.103.229:54165] script '/home/cs2830/wow.centralus.cloudapp.azure.com/public_html/export.php' not found or unable to stat
[Wed Mar 16 17:35:11.622724 2016] [:error] [pid 14808] [client 64.39.103.229:54171] script '/home/cs2830/wow.centralus.cloudapp.azure.com/public_html/modules.php' not found or unable to stat
[Wed Mar 16 17:35:11.626488 2016] [:error] [pid 14810] [client 64.39.103.229:53877] script '/home/cs2830/wow.centralus.cloudapp.azure.com/public_html/pafiledb.php' not found or unable to stat
[Wed Mar 16 17:35:11.635590 2016] [:error] [pid 24203] [client 64.39.103.229:53884] script '/home/cs2830/wow.centralus.cloudapp.azure.com/public_html/modules.php' not found or unable to stat
[Wed Mar 16 17:35:11.660038 2016] [:error] [pid 30321] [client 64.39.103.229:53770] script '/home/cs2830/wow.centralus.cloudapp.azure.com/public_html/editconfig_gedcom.php' not found or unable to stat
[Wed Mar 16 17:35:11.684068 2016] [:error] [pid 14808] [client 64.39.103.229:54171] script '/home/cs2830/wow.centralus.cloudapp.azure.com/public_html/modules.php' not found or unable to stat
[Wed Mar 16 17:35:11.687075 2016] [:error] [pid 14810] [client 64.39.103.229:53877] script '/home/cs2830/wow.centralus.cloudapp.azure.com/public_html/calendar.php' not found or unable to stat
[Wed Mar 16 17:35:11.744665 2016] [core:error] [pid 14808] [client 64.39.103.229:54171] AH00135: Invalid method in request BDMTHD / HTTP/1.1
[Wed Mar 16 17:35:11.747488 2016] [:error] [pid 14810] [client 64.39.103.229:53877] script '/home/cs2830/wow.centralus.cloudapp.azure.com/public_html/search.php' not found or unable to stat
[Wed Mar 16 17:35:11.762210 2016] [core:error] [pid 24207] [client 64.39.103.229:54165] AH00135: Invalid method in request BADMETHOD /QuAlYs HTTP/1.1
[Wed Mar 16 17:35:11.808502 2016] [:error] [pid 14810] [client 64.39.103.229:53877] script '/home/cs2830/wow.centralus.cloudapp.azure.com/public_html/download.php' not found or unable to stat
[Wed Mar 16 17:35:11.841864 2016] [:error] [pid 30321] [client 64.39.103.229:53770] script '/home/cs2830/wow.centralus.cloudapp.azure.com/public_html/page.php' not found or unable to stat
[Wed Mar 16 17:35:11.844722 2016] [core:error] [pid 24208] [client 64.39.103.229:54257] AH00126: Invalid URI in request GET /../../../../../../../../../ HTTP/1.1
[Wed Mar 16 17:35:11.879466 2016] [:error] [pid 24203] [client 64.39.103.229:53884] script '/home/cs2830/wow.centralus.cloudapp.azure.com/public_html/modules.php' not found or unable to stat
[Wed Mar 16 17:35:11.901989 2016] [:error] [pid 30321] [client 64.39.103.229:53770] script '/home/cs2830/wow.centralus.cloudapp.azure.com/public_html/page.php' not found or unable to stat
[Wed Mar 16 17:35:11.922900 2016] [:error] [pid 31895] [client 64.39.103.229:54261] script '/home/cs2830/wow.centralus.cloudapp.azure.com/public_html/diff.php' not found or unable to stat
[Wed Mar 16 17:35:11.929135 2016] [:error] [pid 14810] [client 64.39.103.229:53877] script '/home/cs2830/wow.centralus.cloudapp.azure.com/public_html/search.php' not found or unable to stat
[Wed Mar 16 17:35:11.940006 2016] [:error] [pid 24203] [client 64.39.103.229:53884] script '/home/cs2830/wow.centralus.cloudapp.azure.com/public_html/showcat.php' not found or unable to stat
[Wed Mar 16 17:35:11.962205 2016] [:error] [pid 30321] [client 64.39.103.229:53770] script '/home/cs2830/wow.centralus.cloudapp.azure.com/public_html/browser.php' not found or unable to stat
[Wed Mar 16 17:35:12.000420 2016] [:error] [pid 24203] [client 64.39.103.229:53884] script '/home/cs2830/wow.centralus.cloudapp.azure.com/public_html/addyoursite.php' not found or unable to stat
[Wed Mar 16 17:35:12.143475 2016] [core:error] [pid 30321] [client 64.39.103.229:53770] AH00126: Invalid URI in request GET /../../../../../../../ HTTP/1.1
[Wed Mar 16 17:35:12.230433 2016] [:error] [pid 14810] [client 64.39.103.229:53877] script '/home/cs2830/wow.centralus.cloudapp.azure.com/public_html/start.php' not found or unable to stat
[Wed Mar 16 17:35:12.287321 2016] [:error] [pid 24207] [client 64.39.103.229:54341] script '/home/cs2830/wow.centralus.cloudapp.azure.com/public_html/viewforum.php' not found or unable to stat
[Wed Mar 16 17:35:12.290535 2016] [:error] [pid 14810] [client 64.39.103.229:53877] script '/home/cs2830/wow.centralus.cloudapp.azure.com/public_html/start.php' not found or unable to stat
[Wed Mar 16 17:35:12.347454 2016] [:error] [pid 24207] [client 64.39.103.229:54341] script '/home/cs2830/wow.centralus.cloudapp.azure.com/public_html/update.php' not found or unable to stat
[Wed Mar 16 17:35:12.408515 2016] [:error] [pid 24207] [client 64.39.103.229:54341] script '/home/cs2830/wow.centralus.cloudapp.azure.com/public_html/contact_us.php' not found or unable to stat
[Wed Mar 16 17:35:12.426124 2016] [core:error] [pid 14808] [client 64.39.103.229:54331] AH00082: an unknown filter was not added: includes
[Wed Mar 16 17:35:12.468759 2016] [:error] [pid 24207] [client 64.39.103.229:54341] script '/home/cs2830/wow.centralus.cloudapp.azure.com/public_html/admin.php' not found or unable to stat, referer: http://64.39.103.229
[Wed Mar 16 17:35:12.529352 2016] [:error] [pid 24207] [client 64.39.103.229:54341] script '/home/cs2830/wow.centralus.cloudapp.azure.com/public_html/admin.php' not found or unable to stat, referer: http://64.39.103.229
[Wed Mar 16 17:35:12.589434 2016] [:error] [pid 24207] [client 64.39.103.229:54341] script '/home/cs2830/wow.centralus.cloudapp.azure.com/public_html/admin.php' not found or unable to stat, referer: http://64.39.103.229
[Wed Mar 16 17:35:12.649371 2016] [:error] [pid 24207] [client 64.39.103.229:54341] script '/home/cs2830/wow.centralus.cloudapp.azure.com/public_html/login.php' not found or unable to stat, referer: http://64.39.103.229
[Wed Mar 16 17:35:12.769629 2016] [:error] [pid 30321] [client 64.39.103.229:54390] script '/home/cs2830/wow.centralus.cloudapp.azure.com/public_html/index.php' not found or unable to stat
[Wed Mar 16 17:35:12.831069 2016] [:error] [pid 30321] [client 64.39.103.229:54390] script '/home/cs2830/wow.centralus.cloudapp.azure.com/public_html/admin.php' not found or unable to stat
[Wed Mar 16 17:35:12.951150 2016] [:error] [pid 30321] [client 64.39.103.229:54390] script '/home/cs2830/wow.centralus.cloudapp.azure.com/public_html/main.php' not found or unable to stat
[Wed Mar 16 17:35:12.991701 2016] [:error] [pid 31895] [client 64.39.103.229:54491] script '/home/cs2830/wow.centralus.cloudapp.azure.com/public_html/index.php' not found or unable to stat
[Wed Mar 16 17:35:13.115535 2016] [:error] [pid 31895] [client 64.39.103.229:54491] script '/home/cs2830/wow.centralus.cloudapp.azure.com/public_html/index.php' not found or unable to stat
[Wed Mar 16 17:35:13.130976 2016] [:error] [pid 24207] [client 64.39.103.229:54341] script '/home/cs2830/wow.centralus.cloudapp.azure.com/public_html/member.php' not found or unable to stat
[Wed Mar 16 17:35:13.131135 2016] [:error] [pid 30321] [client 64.39.103.229:54390] script '/home/cs2830/wow.centralus.cloudapp.azure.com/public_html/index.php' not found or unable to stat
[Wed Mar 16 17:35:13.205122 2016] [:error] [pid 24205] [client 64.39.103.229:54288] script '/home/cs2830/wow.centralus.cloudapp.azure.com/public_html/user.php' not found or unable to stat
[Wed Mar 16 17:35:13.250972 2016] [:error] [pid 24207] [client 64.39.103.229:54341] script '/home/cs2830/wow.centralus.cloudapp.azure.com/public_html/pafiledb.php' not found or unable to stat
[Wed Mar 16 17:35:13.371509 2016] [:error] [pid 24207] [client 64.39.103.229:54341] script '/home/cs2830/wow.centralus.cloudapp.azure.com/public_html/modules.php' not found or unable to stat
[Wed Mar 16 17:35:13.432201 2016] [:error] [pid 24207] [client 64.39.103.229:54341] script '/home/cs2830/wow.centralus.cloudapp.azure.com/public_html/photogallery.php' not found or unable to stat
[Wed Mar 16 17:35:13.473646 2016] [:error] [pid 14810] [client 64.39.103.229:54533] script '/home/cs2830/wow.centralus.cloudapp.azure.com/public_html/start.php' not found or unable to stat
[Wed Mar 16 17:35:13.475660 2016] [:error] [pid 31895] [client 64.39.103.229:54491] script '/home/cs2830/wow.centralus.cloudapp.azure.com/public_html/index.php' not found or unable to stat
[Wed Mar 16 17:35:13.585744 2016] [:error] [pid 31895] [client 64.39.103.229:54491] script '/home/cs2830/wow.centralus.cloudapp.azure.com/public_html/index.php' not found or unable to stat
[Wed Mar 16 17:35:13.611925 2016] [:error] [pid 24207] [client 64.39.103.229:54341] script '/home/cs2830/wow.centralus.cloudapp.azure.com/public_html/index.php' not found or unable to stat
[Wed Mar 16 17:35:13.685503 2016] [:error] [pid 24205] [client 64.39.103.229:54288] script '/home/cs2830/wow.centralus.cloudapp.azure.com/public_html/index.php' not found or unable to stat
[Wed Mar 16 17:35:13.827718 2016] [:error] [pid 31895] [client 64.39.103.229:54491] script '/home/cs2830/wow.centralus.cloudapp.azure.com/public_html/spip.php' not found or unable to stat
[Wed Mar 16 17:35:13.892064 2016] [:error] [pid 14811] [client 64.39.103.229:54653] script '/home/cs2830/wow.centralus.cloudapp.azure.com/public_html/forum.php' not found or unable to stat
[Wed Mar 16 17:35:13.947881 2016] [:error] [pid 31895] [client 64.39.103.229:54491] script '/home/cs2830/wow.centralus.cloudapp.azure.com/public_html/nuedit.php' not found or unable to stat
[Wed Mar 16 17:35:13.952458 2016] [:error] [pid 14811] [client 64.39.103.229:54653] script '/home/cs2830/wow.centralus.cloudapp.azure.com/public_html/forum.php' not found or unable to stat
[Wed Mar 16 17:35:14.008713 2016] [:error] [pid 31895] [client 64.39.103.229:54491] script '/home/cs2830/wow.centralus.cloudapp.azure.com/public_html/index.php' not found or unable to stat
[Wed Mar 16 17:35:14.068644 2016] [:error] [pid 31895] [client 64.39.103.229:54491] script '/home/cs2830/wow.centralus.cloudapp.azure.com/public_html/search.php' not found or unable to stat
[Wed Mar 16 17:35:14.099412 2016] [:error] [pid 30321] [client 64.39.103.229:54695] script '/home/cs2830/wow.centralus.cloudapp.azure.com/public_html/index.php' not found or unable to stat
[Wed Mar 16 17:35:14.128597 2016] [:error] [pid 31895] [client 64.39.103.229:54491] script '/home/cs2830/wow.centralus.cloudapp.azure.com/public_html/users.php' not found or unable to stat
[Wed Mar 16 17:35:14.159076 2016] [:error] [pid 30321] [client 64.39.103.229:54695] script '/home/cs2830/wow.centralus.cloudapp.azure.com/public_html/index.php' not found or unable to stat
[Wed Mar 16 17:35:14.188707 2016] [:error] [pid 31895] [client 64.39.103.229:54491] script '/home/cs2830/wow.centralus.cloudapp.azure.com/public_html/index.php' not found or unable to stat
[Wed Mar 16 17:35:14.219056 2016] [:error] [pid 30321] [client 64.39.103.229:54695] script '/home/cs2830/wow.centralus.cloudapp.azure.com/public_html/index.php' not found or unable to stat
[Wed Mar 16 17:35:14.231340 2016] [:error] [pid 24207] [client 64.39.103.229:54725] script '/home/cs2830/wow.centralus.cloudapp.azure.com/public_html/misc.php' not found or unable to stat
[Wed Mar 16 17:35:14.279038 2016] [:error] [pid 30321] [client 64.39.103.229:54695] script '/home/cs2830/wow.centralus.cloudapp.azure.com/public_html/index.php' not found or unable to stat
[Wed Mar 16 17:35:14.291512 2016] [:error] [pid 24207] [client 64.39.103.229:54725] script '/home/cs2830/wow.centralus.cloudapp.azure.com/public_html/index.php' not found or unable to stat
[Wed Mar 16 17:35:14.368769 2016] [:error] [pid 31895] [client 64.39.103.229:54491] script '/home/cs2830/wow.centralus.cloudapp.azure.com/public_html/cms_write.php' not found or unable to stat
[Wed Mar 16 17:35:14.473220 2016] [:error] [pid 24207] [client 64.39.103.229:54725] script '/home/cs2830/wow.centralus.cloudapp.azure.com/public_html/tiki-list_file_gallery.php' not found or unable to stat
[Wed Mar 16 17:35:14.533082 2016] [:error] [pid 24207] [client 64.39.103.229:54725] script '/home/cs2830/wow.centralus.cloudapp.azure.com/public_html/admin.php' not found or unable to stat
[Wed Mar 16 17:35:14.548656 2016] [:error] [pid 31895] [client 64.39.103.229:54491] script '/home/cs2830/wow.centralus.cloudapp.azure.com/public_html/tiki-edit_wiki_section.php' not found or unable to stat
[Wed Mar 16 17:35:14.593068 2016] [:error] [pid 24207] [client 64.39.103.229:54725] script '/home/cs2830/wow.centralus.cloudapp.azure.com/public_html/index.php' not found or unable to stat
[Wed Mar 16 17:35:14.609004 2016] [:error] [pid 31895] [client 64.39.103.229:54491] script '/home/cs2830/wow.centralus.cloudapp.azure.com/public_html/tiki-index.php' not found or unable to stat
[Wed Mar 16 17:35:14.740208 2016] [:error] [pid 14819] [client 64.39.103.229:54812] script '/home/cs2830/wow.centralus.cloudapp.azure.com/public_html/index.php' not found or unable to stat
[Wed Mar 16 17:35:14.782716 2016] [:error] [pid 24203] [client 64.39.103.229:54785] script '/home/cs2830/wow.centralus.cloudapp.azure.com/public_html/tiki-login_scr.php' not found or unable to stat
[Wed Mar 16 17:35:14.789266 2016] [:error] [pid 31895] [client 64.39.103.229:54491] script '/home/cs2830/wow.centralus.cloudapp.azure.com/public_html/search.php' not found or unable to stat
[Wed Mar 16 17:35:14.804271 2016] [:error] [pid 24207] [client 64.39.103.229:54725] script '/home/cs2830/wow.centralus.cloudapp.azure.com/public_html/index.php' not found or unable to stat
[Wed Mar 16 17:35:14.849090 2016] [:error] [pid 31895] [client 64.39.103.229:54491] script '/home/cs2830/wow.centralus.cloudapp.azure.com/public_html/index.php' not found or unable to stat
[Wed Mar 16 17:35:14.861976 2016] [:error] [pid 14819] [client 64.39.103.229:54812] script '/home/cs2830/wow.centralus.cloudapp.azure.com/public_html/index.php' not found or unable to stat
[Wed Mar 16 17:35:14.911526 2016] [:error] [pid 31895] [client 64.39.103.229:54491] script '/home/cs2830/wow.centralus.cloudapp.azure.com/public_html/index.php' not found or unable to stat
[Wed Mar 16 17:35:14.924736 2016] [:error] [pid 14819] [client 64.39.103.229:54812] script '/home/cs2830/wow.centralus.cloudapp.azure.com/public_html/index.php' not found or unable to stat
[Wed Mar 16 17:35:15.045196 2016] [:error] [pid 14819] [client 64.39.103.229:54812] script '/home/cs2830/wow.centralus.cloudapp.azure.com/public_html/download.php' not found or unable to stat
[Wed Mar 16 17:35:15.045437 2016] [:error] [pid 31895] [client 64.39.103.229:54491] script '/home/cs2830/wow.centralus.cloudapp.azure.com/public_html/index.php' not found or unable to stat
[Wed Mar 16 17:35:15.105067 2016] [:error] [pid 31895] [client 64.39.103.229:54491] script '/home/cs2830/wow.centralus.cloudapp.azure.com/public_html/index.php' not found or unable to stat
[Wed Mar 16 17:35:15.165724 2016] [:error] [pid 24203] [client 64.39.103.229:54785] script '/home/cs2830/wow.centralus.cloudapp.azure.com/public_html/q4u5a1l1y0s.php' not found or unable to stat
[Wed Mar 16 17:35:15.225799 2016] [:error] [pid 31895] [client 64.39.103.229:54491] script '/home/cs2830/wow.centralus.cloudapp.azure.com/public_html/active_auctions.php' not found or unable to stat
[Wed Mar 16 17:35:15.286047 2016] [:error] [pid 31895] [client 64.39.103.229:54491] script '/home/cs2830/wow.centralus.cloudapp.azure.com/public_html/search.php' not found or unable to stat
[Wed Mar 16 17:35:15.346241 2016] [:error] [pid 31895] [client 64.39.103.229:54491] script '/home/cs2830/wow.centralus.cloudapp.azure.com/public_html/login.php' not found or unable to stat
[Wed Mar 16 17:35:15.405830 2016] [:error] [pid 31895] [client 64.39.103.229:54491] script '/home/cs2830/wow.centralus.cloudapp.azure.com/public_html/index.php' not found or unable to stat
[Wed Mar 16 17:35:15.447581 2016] [core:error] [pid 14808] [client 64.39.103.229:54923] AH00126: Invalid URI in request GET @www.q5u4a3l2y1s.com HTTP/1.0
[Wed Mar 16 17:35:15.465763 2016] [:error] [pid 31895] [client 64.39.103.229:54491] script '/home/cs2830/wow.centralus.cloudapp.azure.com/public_html/article.php' not found or unable to stat
[Wed Mar 16 17:35:15.528180 2016] [:error] [pid 31895] [client 64.39.103.229:54491] script '/home/cs2830/wow.centralus.cloudapp.azure.com/public_html/website.php' not found or unable to stat
[Wed Mar 16 17:35:15.547142 2016] [core:error] [pid 30321] [client 64.39.103.229:54989] AH00126: Invalid URI in request GET @www.q5u4a3l2y1s.com HTTP/1.0
[Wed Mar 16 17:35:15.554602 2016] [:error] [pid 24206] [client 64.39.103.229:54964] script '/home/cs2830/wow.centralus.cloudapp.azure.com/public_html/graph.php' not found or unable to stat
[Wed Mar 16 17:35:15.587757 2016] [:error] [pid 31895] [client 64.39.103.229:54491] script '/home/cs2830/wow.centralus.cloudapp.azure.com/public_html/website.php' not found or unable to stat
[Wed Mar 16 17:35:15.632422 2016] [core:error] [pid 14810] [client 64.39.103.229:54954] AH00135: Invalid method in request TRACK /QUALYS12680.html HTTP/1.1
[Wed Mar 16 17:35:15.767781 2016] [:error] [pid 31895] [client 64.39.103.229:54491] script '/home/cs2830/wow.centralus.cloudapp.azure.com/public_html/wp-login.php' not found or unable to stat
[Wed Mar 16 17:35:15.797893 2016] [:error] [pid 24206] [client 64.39.103.229:54964] script '/home/cs2830/wow.centralus.cloudapp.azure.com/public_html/index.php' not found or unable to stat
[Wed Mar 16 17:35:15.826639 2016] [core:error] [pid 14819] [client 64.39.103.229:55010] AH00126: Invalid URI in request GET qualys:@www.q5u4a3l2y1s.com HTTP/1.0
[Wed Mar 16 17:35:15.926289 2016] [core:error] [pid 24203] [client 64.39.103.229:55071] AH00126: Invalid URI in request GET qualys:@www.q5u4a3l2y1s.com HTTP/1.0
[Wed Mar 16 17:35:15.958840 2016] [:error] [pid 30321] [client 64.39.103.229:55080] script '/home/cs2830/wow.centralus.cloudapp.azure.com/public_html/index.php' not found or unable to stat
[Wed Mar 16 17:35:16.019493 2016] [:error] [pid 30321] [client 64.39.103.229:55080] script '/home/cs2830/wow.centralus.cloudapp.azure.com/public_html/news.php' not found or unable to stat
[Wed Mar 16 17:35:16.079467 2016] [:error] [pid 30321] [client 64.39.103.229:55080] script '/home/cs2830/wow.centralus.cloudapp.azure.com/public_html/index.php' not found or unable to stat
[Wed Mar 16 17:35:16.320666 2016] [:error] [pid 30321] [client 64.39.103.229:55080] script '/home/cs2830/wow.centralus.cloudapp.azure.com/public_html/index.php' not found or unable to stat
[Wed Mar 16 17:35:16.642516 2016] [:error] [pid 24207] [client 64.39.103.229:55032] script '/home/cs2830/wow.centralus.cloudapp.azure.com/public_html/install.php' not found or unable to stat
[Wed Mar 16 17:35:16.725667 2016] [:error] [pid 14811] [client 64.39.103.229:55238] script '/home/cs2830/wow.centralus.cloudapp.azure.com/public_html/install.php' not found or unable to stat
[Wed Mar 16 17:35:16.745974 2016] [:error] [pid 30321] [client 64.39.103.229:55080] script '/home/cs2830/wow.centralus.cloudapp.azure.com/public_html/asktheoracle.php' not found or unable to stat
[Wed Mar 16 17:35:16.928551 2016] [:error] [pid 30321] [client 64.39.103.229:55080] script '/home/cs2830/wow.centralus.cloudapp.azure.com/public_html/main.php' not found or unable to stat
[Wed Mar 16 17:35:17.203648 2016] [:error] [pid 14811] [client 64.39.103.229:55238] script '/home/cs2830/wow.centralus.cloudapp.azure.com/public_html/wp-login.php' not found or unable to stat
[Wed Mar 16 17:35:17.547104 2016] [:error] [pid 24207] [client 64.39.103.229:55032] script '/home/cs2830/wow.centralus.cloudapp.azure.com/public_html/timeclock.php' not found or unable to stat
[Wed Mar 16 17:35:17.588965 2016] [:error] [pid 24205] [client 64.39.103.229:55398] script '/home/cs2830/wow.centralus.cloudapp.azure.com/public_html/modules.php' not found or unable to stat
[Wed Mar 16 17:35:17.708976 2016] [:error] [pid 24205] [client 64.39.103.229:55398] script '/home/cs2830/wow.centralus.cloudapp.azure.com/public_html/open.php' not found or unable to stat
[Wed Mar 16 17:35:17.814902 2016] [:error] [pid 24203] [client 64.39.103.229:55391] script '/home/cs2830/wow.centralus.cloudapp.azure.com/public_html/wp-login.php' not found or unable to stat
[Wed Mar 16 17:35:17.891644 2016] [:error] [pid 24205] [client 64.39.103.229:55398] script '/home/cs2830/wow.centralus.cloudapp.azure.com/public_html/install.php' not found or unable to stat
[Wed Mar 16 17:35:18.013521 2016] [:error] [pid 24205] [client 64.39.103.229:55398] script '/home/cs2830/wow.centralus.cloudapp.azure.com/public_html/index.php' not found or unable to stat
[Wed Mar 16 17:35:18.116898 2016] [core:error] [pid 31895] [client 64.39.103.229:55541] AH00135: Invalid method in request BADMTHD / HTTP/1.0
[Wed Mar 16 17:35:18.147617 2016] [:error] [pid 24207] [client 64.39.103.229:55032] script '/home/cs2830/wow.centralus.cloudapp.azure.com/public_html/index.php' not found or unable to stat
[Wed Mar 16 17:35:18.195385 2016] [:error] [pid 24205] [client 64.39.103.229:55398] script '/home/cs2830/wow.centralus.cloudapp.azure.com/public_html/index.php' not found or unable to stat
[Wed Mar 16 17:35:18.255502 2016] [:error] [pid 24205] [client 64.39.103.229:55398] script '/home/cs2830/wow.centralus.cloudapp.azure.com/public_html/install.php' not found or unable to stat
[Wed Mar 16 17:35:18.315432 2016] [:error] [pid 24205] [client 64.39.103.229:55398] script '/home/cs2830/wow.centralus.cloudapp.azure.com/public_html/phpinfo.php' not found or unable to stat
[Wed Mar 16 17:35:18.377449 2016] [:error] [pid 24205] [client 64.39.103.229:55398] script '/home/cs2830/wow.centralus.cloudapp.azure.com/public_html/test.php' not found or unable to stat
[Wed Mar 16 17:35:18.535818 2016] [:error] [pid 24203] [client 64.39.103.229:55391] script '/home/cs2830/wow.centralus.cloudapp.azure.com/public_html/index.php' not found or unable to stat
[Wed Mar 16 17:35:18.559409 2016] [:error] [pid 24205] [client 64.39.103.229:55398] script '/home/cs2830/wow.centralus.cloudapp.azure.com/public_html/calendar.php' not found or unable to stat
[Wed Mar 16 17:35:18.679629 2016] [:error] [pid 24205] [client 64.39.103.229:55398] script '/home/cs2830/wow.centralus.cloudapp.azure.com/public_html/modules.php' not found or unable to stat
[Wed Mar 16 17:35:18.740540 2016] [:error] [pid 24205] [client 64.39.103.229:55398] script '/home/cs2830/wow.centralus.cloudapp.azure.com/public_html/modules.php' not found or unable to stat
[Wed Mar 16 17:35:18.836001 2016] [:error] [pid 24203] [client 64.39.103.229:55391] script '/home/cs2830/wow.centralus.cloudapp.azure.com/public_html/index.php' not found or unable to stat
[Wed Mar 16 17:35:18.862631 2016] [:error] [pid 24205] [client 64.39.103.229:55398] script '/home/cs2830/wow.centralus.cloudapp.azure.com/public_html/viewforum.php' not found or unable to stat
[Wed Mar 16 17:35:18.977179 2016] [:error] [pid 30321] [client 64.39.103.229:55743] script '/home/cs2830/wow.centralus.cloudapp.azure.com/public_html/userinfo.php' not found or unable to stat
[Wed Mar 16 17:35:19.317101 2016] [authz_core:error] [pid 24203] [client 64.39.103.229:55391] AH01630: client denied by server configuration: /home/cs2830/wow.centralus.cloudapp.azure.com/public_html/server-status
[Wed Mar 16 17:35:19.595780 2016] [:error] [pid 24206] [client 64.39.103.229:55894] script '/home/cs2830/wow.centralus.cloudapp.azure.com/public_html/index.php' not found or unable to stat
[Wed Mar 16 17:35:20.212473 2016] [:error] [pid 14808] [client 64.39.103.229:56028] script '/home/cs2830/wow.centralus.cloudapp.azure.com/public_html/expanded.php' not found or unable to stat
[Wed Mar 16 17:35:20.272701 2016] [:error] [pid 14808] [client 64.39.103.229:56028] script '/home/cs2830/wow.centralus.cloudapp.azure.com/public_html/expanded.php' not found or unable to stat
[Wed Mar 16 17:35:20.452948 2016] [:error] [pid 14808] [client 64.39.103.229:56028] script '/home/cs2830/wow.centralus.cloudapp.azure.com/public_html/phpinfo.php' not found or unable to stat
[Wed Mar 16 17:35:20.756045 2016] [:error] [pid 14808] [client 64.39.103.229:56028] script '/home/cs2830/wow.centralus.cloudapp.azure.com/public_html/index.php3' not found or unable to stat
[Wed Mar 16 17:35:20.877459 2016] [:error] [pid 14808] [client 64.39.103.229:56028] script '/home/cs2830/wow.centralus.cloudapp.azure.com/public_html/ixmail_netattach.php' not found or unable to stat
[Wed Mar 16 17:35:20.936536 2016] [:error] [pid 14808] [client 64.39.103.229:56028] script '/home/cs2830/wow.centralus.cloudapp.azure.com/public_html/viewtopic.php' not found or unable to stat
[Wed Mar 16 17:35:20.996626 2016] [:error] [pid 14808] [client 64.39.103.229:56028] script '/home/cs2830/wow.centralus.cloudapp.azure.com/public_html/ashnews.php' not found or unable to stat
[Wed Mar 16 17:35:21.093766 2016] [:error] [pid 24208] [client 64.39.103.229:56240] script '/home/cs2830/wow.centralus.cloudapp.azure.com/public_html/admin.php' not found or unable to stat
[Wed Mar 16 17:35:21.295293 2016] [:error] [pid 14808] [client 64.39.103.229:56028] script '/home/cs2830/wow.centralus.cloudapp.azure.com/public_html/admin.php' not found or unable to stat
[Wed Mar 16 17:35:21.415018 2016] [:error] [pid 14808] [client 64.39.103.229:56028] script '/home/cs2830/wow.centralus.cloudapp.azure.com/public_html/admin.php' not found or unable to stat
[Wed Mar 16 17:35:21.661041 2016] [:error] [pid 14808] [client 64.39.103.229:56028] script '/home/cs2830/wow.centralus.cloudapp.azure.com/public_html/invitefriends.php3' not found or unable to stat
[Wed Mar 16 17:35:21.840846 2016] [:error] [pid 14808] [client 64.39.103.229:56028] script '/home/cs2830/wow.centralus.cloudapp.azure.com/public_html/login.php' not found or unable to stat
[Wed Mar 16 17:35:21.961016 2016] [:error] [pid 14808] [client 64.39.103.229:56028] script '/home/cs2830/wow.centralus.cloudapp.azure.com/public_html/lostpassword.php' not found or unable to stat
[Wed Mar 16 17:35:22.021832 2016] [:error] [pid 14808] [client 64.39.103.229:56028] script '/home/cs2830/wow.centralus.cloudapp.azure.com/public_html/emml.php' not found or unable to stat
[Wed Mar 16 17:35:22.193265 2016] [:error] [pid 24203] [client 64.39.103.229:56501] script '/home/cs2830/wow.centralus.cloudapp.azure.com/public_html/userinfo.php' not found or unable to stat
[Wed Mar 16 17:35:26.769950 2016] [:error] [pid 24203] [client 64.39.103.229:57627] script '/home/cs2830/wow.centralus.cloudapp.azure.com/public_html/index.php' not found or unable to stat
[Wed Mar 16 17:35:26.830169 2016] [:error] [pid 24203] [client 64.39.103.229:57627] script '/home/cs2830/wow.centralus.cloudapp.azure.com/public_html/index.php' not found or unable to stat
[Wed Mar 16 17:35:27.311603 2016] [:error] [pid 24203] [client 64.39.103.229:57627] script '/home/cs2830/wow.centralus.cloudapp.azure.com/public_html/vtigerservice.php' not found or unable to stat
[Wed Mar 16 17:35:27.431632 2016] [:error] [pid 24203] [client 64.39.103.229:57627] script '/home/cs2830/wow.centralus.cloudapp.azure.com/public_html/index.php' not found or unable to stat
[Wed Mar 16 17:35:27.551540 2016] [:error] [pid 24203] [client 64.39.103.229:57627] script '/home/cs2830/wow.centralus.cloudapp.azure.com/public_html/index.php' not found or unable to stat
[Wed Mar 16 17:35:27.671621 2016] [:error] [pid 24203] [client 64.39.103.229:57627] script '/home/cs2830/wow.centralus.cloudapp.azure.com/public_html/index.php' not found or unable to stat
[Wed Mar 16 17:35:27.911594 2016] [:error] [pid 24203] [client 64.39.103.229:57627] script '/home/cs2830/wow.centralus.cloudapp.azure.com/public_html/c99.php' not found or unable to stat
[Wed Mar 16 17:35:27.971532 2016] [:error] [pid 24203] [client 64.39.103.229:57627] script '/home/cs2830/wow.centralus.cloudapp.azure.com/public_html/c99.php' not found or unable to stat
[Wed Mar 16 17:35:28.031673 2016] [:error] [pid 24203] [client 64.39.103.229:57627] script '/home/cs2830/wow.centralus.cloudapp.azure.com/public_html/c99.php' not found or unable to stat, referer: http://40.83.14.146/c99.php
[Wed Mar 16 17:35:28.387582 2016] [:error] [pid 24203] [client 64.39.103.229:57627] script '/home/cs2830/wow.centralus.cloudapp.azure.com/public_html/index.php' not found or unable to stat
[Wed Mar 16 17:35:35.497937 2016] [:error] [pid 24207] [client 64.39.103.229:59107] script '/home/cs2830/wow.centralus.cloudapp.azure.com/public_html/admin.php' not found or unable to stat
[Wed Mar 16 17:35:40.913497 2016] [:error] [pid 14808] [client 64.39.103.229:34607] script '/home/cs2830/wow.centralus.cloudapp.azure.com/public_html/index.php' not found or unable to stat
[Wed Mar 16 17:35:41.635475 2016] [:error] [pid 14808] [client 64.39.103.229:34607] script '/home/cs2830/wow.centralus.cloudapp.azure.com/public_html/index.php' not found or unable to stat
[Wed Mar 16 17:35:41.695555 2016] [:error] [pid 14808] [client 64.39.103.229:34607] script '/home/cs2830/wow.centralus.cloudapp.azure.com/public_html/index.php' not found or unable to stat
[Wed Mar 16 17:35:41.755747 2016] [:error] [pid 14808] [client 64.39.103.229:34607] script '/home/cs2830/wow.centralus.cloudapp.azure.com/public_html/index.php' not found or unable to stat
[Wed Mar 16 17:35:41.815432 2016] [:error] [pid 14808] [client 64.39.103.229:34607] script '/home/cs2830/wow.centralus.cloudapp.azure.com/public_html/index.php' not found or unable to stat
[Wed Mar 16 17:35:41.995398 2016] [:error] [pid 14808] [client 64.39.103.229:34607] script '/home/cs2830/wow.centralus.cloudapp.azure.com/public_html/r57.php' not found or unable to stat
[Wed Mar 16 17:35:42.055489 2016] [:error] [pid 14808] [client 64.39.103.229:34607] script '/home/cs2830/wow.centralus.cloudapp.azure.com/public_html/r57shell.php' not found or unable to stat
[Wed Mar 16 17:35:42.235566 2016] [:error] [pid 14808] [client 64.39.103.229:34607] script '/home/cs2830/wow.centralus.cloudapp.azure.com/public_html/moadmin.php' not found or unable to stat
[Wed Mar 16 18:11:28.733838 2016] [:error] [pid 31895] [client 181.214.92.100:33300] script '/home/cs2830/wow.centralus.cloudapp.azure.com/public_html/xmlrpc.php' not found or unable to stat
[Wed Mar 16 18:57:06.439505 2016] [:error] [pid 24206] [client 185.25.151.159:36533] script '/home/cs2830/wow.centralus.cloudapp.azure.com/public_html/testproxy.php' not found or unable to stat
[Thu Mar 17 05:32:46.154052 2016] [:error] [pid 30321] [client 91.196.50.33:37849] script '/home/cs2830/wow.centralus.cloudapp.azure.com/public_html/testproxy.php' not found or unable to stat
[Thu Mar 17 06:36:19.363354 2016] [:error] [pid 14819] [client 179.99.200.39:60961] script '/home/cs2830/wow.centralus.cloudapp.azure.com/public_html/ip_json.php' not found or unable to stat
[Thu Mar 17 06:36:50.542901 2016] [:error] [pid 22457] [client 179.99.200.39:43044] script '/home/cs2830/wow.centralus.cloudapp.azure.com/public_html/ip_json.php' not found or unable to stat
[Thu Mar 17 06:37:05.803088 2016] [:error] [pid 14810] [client 179.99.200.39:45813] script '/home/cs2830/wow.centralus.cloudapp.azure.com/public_html/ip_json.php' not found or unable to stat
[Thu Mar 17 06:37:10.667496 2016] [:error] [pid 31895] [client 179.99.200.39:47537] script '/home/cs2830/wow.centralus.cloudapp.azure.com/public_html/ip_json.php' not found or unable to stat
[Thu Mar 17 06:42:56.311020 2016] [:error] [pid 30321] [client 179.99.200.39:59387] script '/home/cs2830/wow.centralus.cloudapp.azure.com/public_html/ip_json.php' not found or unable to stat
[Thu Mar 17 10:15:52.213675 2016] [core:error] [pid 24207] [client 169.229.3.91:44865] AH00126: Invalid URI in request \xf4M|\xc00\xa0\x11\xcc\xf4"I\t\v\xb2\x83?U%\xd3\xf8
[Sat Mar 19 09:52:28.095068 2016] [core:error] [pid 14808] [client 169.229.3.91:52267] AH00135: Invalid method in request 4(X\x9a-\x84\xd9\x80z\xa6\xe7\xc4\xcb\xd7\xa7e\x01\x1fc1\xad\x89
[Sun Mar 20 03:22:16.176465 2016] [:error] [pid 14808] [client 104.166.196.15:64891] PHP Parse error:  syntax error, unexpected '}', expecting ',' or ';' in /home/cs2830/wow.centralus.cloudapp.azure.com/public_html/test.php on line 5
[Sun Mar 20 03:22:34.257652 2016] [:error] [pid 22457] [client 104.166.196.15:64919] PHP Parse error:  syntax error, unexpected '}', expecting ',' or ';' in /home/cs2830/wow.centralus.cloudapp.azure.com/public_html/test.php on line 5
[Sun Mar 20 03:26:31.538398 2016] [:error] [pid 14819] [client 104.166.196.15:65066] PHP Parse error:  syntax error, unexpected '}', expecting ',' or ';' in /home/cs2830/wow.centralus.cloudapp.azure.com/public_html/test.php on line 5
[Sun Mar 20 03:26:38.999386 2016] [:error] [pid 24206] [client 104.166.196.15:65070] PHP Parse error:  syntax error, unexpected '}', expecting ',' or ';' in /home/cs2830/wow.centralus.cloudapp.azure.com/public_html/test.php on line 5
[Sun Mar 20 03:26:41.887256 2016] [:error] [pid 24207] [client 104.166.196.15:65074] PHP Parse error:  syntax error, unexpected '}', expecting ',' or ';' in /home/cs2830/wow.centralus.cloudapp.azure.com/public_html/test.php on line 5
[Sun Mar 20 03:29:35.753059 2016] [:error] [pid 31895] [client 104.166.196.15:65170] PHP Parse error:  syntax error, unexpected '}', expecting ',' or ';' in /home/cs2830/wow.centralus.cloudapp.azure.com/public_html/assignment7/test.php on line 5
[Sun Mar 20 03:29:38.248491 2016] [:error] [pid 14808] [client 104.166.196.15:65174] PHP Parse error:  syntax error, unexpected '}', expecting ',' or ';' in /home/cs2830/wow.centralus.cloudapp.azure.com/public_html/assignment7/test.php on line 5
[Sun Mar 20 03:29:50.526727 2016] [autoindex:error] [pid 14810] [client 104.166.196.15:65191] AH01276: Cannot serve directory /home/cs2830/wow.centralus.cloudapp.azure.com/public_html/assignment7/: No matching DirectoryIndex (index.html,index.cgi,index.pl,index.php,index.xhtml,index.htm) found, and server-generated directory index forbidden by Options directive
[Sun Mar 20 03:29:57.327231 2016] [:error] [pid 22462] [client 104.166.196.15:65197] PHP Parse error:  syntax error, unexpected '}', expecting ',' or ';' in /home/cs2830/wow.centralus.cloudapp.azure.com/public_html/assignment7/test.php on line 5
[Sun Mar 20 03:36:16.190997 2016] [:error] [pid 30321] [client 104.166.196.15:65490] PHP Parse error:  syntax error, unexpected '<' in /home/cs2830/wow.centralus.cloudapp.azure.com/public_html/assignment7/test.php on line 15
[Sun Mar 20 03:37:09.467563 2016] [:error] [pid 22463] [client 104.166.196.15:49194] PHP Parse error:  syntax error, unexpected '<' in /home/cs2830/wow.centralus.cloudapp.azure.com/public_html/assignment7/test.php on line 15
[Sun Mar 20 03:38:42.775450 2016] [:error] [pid 31895] [client 104.166.196.15:49360] PHP Parse error:  syntax error, unexpected '<' in /home/cs2830/wow.centralus.cloudapp.azure.com/public_html/assignment7/test.php on line 15
[Sun Mar 20 03:38:46.394282 2016] [:error] [pid 14808] [client 104.166.196.15:49362] PHP Parse error:  syntax error, unexpected '<' in /home/cs2830/wow.centralus.cloudapp.azure.com/public_html/assignment7/test.php on line 15
[Sun Mar 20 03:44:14.122030 2016] [core:error] [pid 14819] (13)Permission denied: [client 104.166.196.15:49704] AH00132: file permissions deny server access: /home/cs2830/wow.centralus.cloudapp.azure.com/public_html/assignment7/wallaby7.jpg, referer: http://wow.centralus.cloudapp.azure.com/assignment7/test.php
[Sun Mar 20 03:46:12.775357 2016] [core:error] [pid 22462] (13)Permission denied: [client 104.166.196.15:49802] AH00132: file permissions deny server access: /home/cs2830/wow.centralus.cloudapp.azure.com/public_html/assignment7/wallaby7.jpg, referer: http://wow.centralus.cloudapp.azure.com/assignment7/test.php
[Sun Mar 20 03:47:23.328807 2016] [core:error] [pid 24206] (13)Permission denied: [client 104.166.196.15:49877] AH00132: file permissions deny server access: /home/cs2830/wow.centralus.cloudapp.azure.com/public_html/assignment7/wallaby7.jpg, referer: http://wow.centralus.cloudapp.azure.com/assignment7/test.php
[Sun Mar 20 03:49:39.046885 2016] [autoindex:error] [pid 24207] [client 104.166.196.15:49980] AH01276: Cannot serve directory /home/cs2830/wow.centralus.cloudapp.azure.com/public_html/assignment7/: No matching DirectoryIndex (index.html,index.cgi,index.pl,index.php,index.xhtml,index.htm) found, and server-generated directory index forbidden by Options directive
[Sun Mar 20 03:49:47.842427 2016] [:error] [pid 4358] [client 104.166.196.15:49998] script '/home/cs2830/wow.centralus.cloudapp.azure.com/public_html/assignment7/index.php' not found or unable to stat
[Sun Mar 20 03:50:52.759330 2016] [:error] [pid 4449] [client 104.166.196.15:50029] script '/home/cs2830/wow.centralus.cloudapp.azure.com/public_html/assignment7/index.php' not found or unable to stat
[Sun Mar 20 18:18:38.119619 2016] [:error] [pid 13846] [client 128.206.251.14:18095] script '/home/cs2830/wow.centralus.cloudapp.azure.com/public_html/assignment7/test.php' not found or unable to stat
[Mon Mar 21 10:17:25.089712 2016] [:error] [pid 13850] [client 91.196.50.33:52885] script '/home/cs2830/wow.centralus.cloudapp.azure.com/public_html/testproxy.php' not found or unable to stat
[Fri Mar 25 01:49:01.095723 2016] [:error] [pid 6817] [client 89.248.160.229:46195] script '/home/cs2830/wow.centralus.cloudapp.azure.com/public_html/xmlrpc.php' not found or unable to stat
[Fri Mar 25 15:00:22.656917 2016] [:error] [pid 6817] [client 185.49.14.190:48241] script '/home/cs2830/wow.centralus.cloudapp.azure.com/public_html/testproxy.php' not found or unable to stat
[Mon Mar 28 11:11:59.150166 2016] [:error] [pid 4219] [client 104.194.15.36:52042] script '/home/cs2830/wow.centralus.cloudapp.azure.com/public_html/xmlrpc.php' not found or unable to stat
[Tue Mar 29 18:51:46.889273 2016] [:error] [pid 4222] [client 185.49.14.190:41653] script '/home/cs2830/wow.centralus.cloudapp.azure.com/public_html/testproxy.php' not found or unable to stat
[Wed Mar 30 00:55:53.807743 2016] [:error] [pid 4219] [client 89.248.174.4:52099] script '/home/cs2830/wow.centralus.cloudapp.azure.com/public_html/xmlrpc.php' not found or unable to stat
[Wed Mar 30 12:30:51.941928 2016] [:error] [pid 4217] [client 5.206.225.84:53570] script '/home/cs2830/wow.centralus.cloudapp.azure.com/public_html/xmlrpc.php' not found or unable to stat
[Thu Mar 31 08:32:37.067208 2016] [core:error] [pid 53193] [client 169.229.3.91:50764] AH00135: Invalid method in request \xc2\xa3\x94\x1e
