[Sat Mar 12 15:36:22.030757 2016] [:error] [pid 2157] [client 185.25.148.240:40670] script '/home/cs2830/wow.centralus.cloudapp.azure.com/public_html/testproxy.php' not found or unable to stat
[Sun Mar 13 09:41:02.104944 2016] [:error] [pid 24206] [client 5.135.17.28:59921] script '/home/cs2830/wow.centralus.cloudapp.azure.com/public_html/xmlrpc.php' not found or unable to stat
[Sun Mar 13 14:52:12.278486 2016] [core:error] [pid 24207] [client 169.229.3.91:32912] AH00135: Invalid method in request lM\xe6\xaa\xdb\x1cuRB\x88,\xe6\x93\xb2\x19U\xa83c\xd2l~\xaa\\\xb9\xaf\x86\xa1
[Mon Mar 14 13:21:01.401614 2016] [:error] [pid 24207] [client 178.216.200.48:49634] script '/home/cs2830/wow.centralus.cloudapp.azure.com/public_html/testproxy.php' not found or unable to stat
[Wed Mar 16 00:38:28.065324 2016] [core:error] [pid 30321] (36)File name too long: [client 93.113.125.12:44444] AH00036: access to /we_are_looking_for_not_found_pages_we_are_looking_for_not_found_pages_we_are_looking_for_not_found_pages_we_are_looking_for_not_found_pages_we_are_looking_for_not_found_pages_we_are_looking_for_not_found_pages_we_are_looking_for_not_found_pages_we_are_looking_for_not_found_pages_we_are_looking_for_not_found_pages_we_are_looking_for_not_found_pages_we_are_looking_for_not_found_pages_we_are_looking_for_not_found_pages_we_are_looking_for_not_found_pages_we_are_looking_for_not_found_pages_we_are_looking_for_not_found_pages_we_are_looking_for_not_found_pages_we_are_looking_for_not_found_pages_we_are_looking_for_not_found_pages_we_are_looking_for_not_found_pages_we_are_looking_for_not_found_pages_we_are_looking_for_not_found_pages_we_are_looking_for_not_found_pages_we_are_looking_for_not_found_pages_we_are_looking_for_not_found_pages_we_are_looking_for_not_found_pages_we_are_looking_for_not_found_pages_we_are_looking_for_not_found_pages_we_are_looking_for_not_found_pages_we_are_looking_for_not_found_pages_we_are_looking_for_not_found_pages failed (filesystem path '/home/cs2830/wow.centralus.cloudapp.azure.com/public_html/we_are_looking_for_not_found_pages_we_are_looking_for_not_found_pages_we_are_looking_for_not_found_pages_we_are_looking_for_not_found_pages_we_are_looking_for_not_found_pages_we_are_looking_for_not_found_pages_we_are_looking_for_not_found_pages_we_are_looking_for_not_found_pages_we_are_looking_for_not_found_pages_we_are_looking_for_not_found_pages_we_are_looking_for_not_found_pages_we_are_looking_for_not_found_pages_we_are_looking_for_not_found_pages_we_are_looking_for_not_found_pages_we_are_looking_for_not_found_pages_we_are_looking_for_not_found_pages_we_are_looking_for_not_found_pages_we_are_looking_for_not_found_pages_we_are_looking_for_not_found_pages_we_are_looking_for_not_found_pages_we_are_looking_for_not_found_pages_we_are_looking_for_not_found_pages_we_are_looking_for_not_found_pages_we_are_looking_for_not_found_pages_we_are_looking_for_not_found_pages_we_are_looking_for_not_found_pages_we_are_looking_for_not_found_pages_we_are_looking_for_not_found_pages_we_are_looking_for_not_found_pages_we_are_looking_for_not_found_pages')
[Wed Mar 16 17:32:55.610750 2016] [core:error] [pid 31895] [client 64.39.103.229:421] AH00135: Invalid method in request id
[Wed Mar 16 17:33:15.915832 2016] [core:error] [pid 26367] [client 64.39.103.229:37162] AH00126: Invalid URI in request GET /../../../../../../../../../../../ HTTP/1.1
[Wed Mar 16 17:33:16.016042 2016] [core:error] [pid 24207] [client 64.39.103.229:37175] AH00135: Invalid method in request ABCD / HTTP/1.1
[Wed Mar 16 17:33:17.686296 2016] [core:error] [pid 24206] [client 64.39.103.229:37337] AH00135: Invalid method in request QUALYS / HTTP/1.1
[Wed Mar 16 17:33:18.160831 2016] [core:error] [pid 24205] [client 64.39.103.229:37378] AH00126: Invalid URI in request GET /../index.html HTTP/1.1
[Wed Mar 16 17:33:18.261866 2016] [core:error] [pid 24203] [client 64.39.103.229:37429] AH00135: Invalid method in request QUALYS / HTTP/1.1
[Wed Mar 16 17:33:18.669669 2016] [core:error] [pid 26367] [client 64.39.103.229:37440] AH00135: Invalid method in request If-Match: *
[Wed Mar 16 17:33:19.065935 2016] [core:error] [pid 24208] [client 64.39.103.229:37505] AH00135: Invalid method in request SEARCH / HTTP/1.1
[Wed Mar 16 17:33:19.166837 2016] [core:error] [pid 31895] [client 64.39.103.229:37512] AH00135: Invalid method in request get /index.html HTTP/1.0
[Wed Mar 16 17:33:24.903078 2016] [core:error] [pid 24208] [client 64.39.103.229:37994] AH00126: Invalid URI in request GET /../index.html
[Wed Mar 16 17:33:38.789599 2016] [core:error] [pid 24206] [client 64.39.103.229:39289] AH00135: Invalid method in request rndmmtd /index.html HTTP/1.0
[Wed Mar 16 17:33:56.605673 2016] [core:error] [pid 24206] [client 64.39.103.229:41494] AH00135: Invalid method in request get /index.html HTTP/1.1
[Wed Mar 16 17:34:07.127743 2016] [core:error] [pid 24208] [client 64.39.103.229:43092] AH00135: Invalid method in request RNDMMTD /index.html HTTP/1.0
[Wed Mar 16 17:34:07.228305 2016] [core:error] [pid 31895] [client 64.39.103.229:43108] AH00126: Invalid URI in request GET /../index.html HTTP/1.0
[Wed Mar 16 17:34:21.434640 2016] [core:error] [pid 24207] [client 64.39.103.229:45352] AH00126: Invalid URI in request GET/index.html HTTP/1.1
[Wed Mar 16 17:34:21.534309 2016] [core:error] [pid 24208] [client 64.39.103.229:45368] AH00126: Invalid URI in request GET/4eae3w52u1177i7mliv HTTP/1.1
[Wed Mar 16 17:34:22.239356 2016] [core:error] [pid 24207] [client 64.39.103.229:45480] AH00135: Invalid method in request rndmmtd /4eae3w52u1177i7mliv HTTP/1.0
[Wed Mar 16 17:34:22.594575 2016] [core:error] [pid 30321] [client 64.39.103.229:45530] AH00135: Invalid method in request ABCD / HTTP/1.1
[Wed Mar 16 17:34:22.695543 2016] [core:error] [pid 24206] [client 64.39.103.229:45557] AH00126: Invalid URI in request ABCD HTTP/1.1
[Wed Mar 16 17:34:22.796356 2016] [core:error] [pid 24205] [client 64.39.103.229:45570] AH00126: Invalid URI in request ABCD  HTTP/1.1
[Wed Mar 16 17:34:22.897389 2016] [core:error] [pid 24203] [client 64.39.103.229:45589] AH00126: Invalid URI in request ABCD   HTTP/1.1
[Wed Mar 16 17:34:22.997181 2016] [core:error] [pid 26367] [client 64.39.103.229:45604] AH00126: Invalid URI in request ABCD ABCD HTTP/1.1
[Wed Mar 16 17:34:23.299188 2016] [core:error] [pid 31895] [client 64.39.103.229:45653] AH00126: Invalid URI in request GET HTTP/1.1
[Wed Mar 16 17:34:23.401207 2016] [core:error] [pid 30321] [client 64.39.103.229:45666] AH00126: Invalid URI in request GET  HTTP/1.1
[Wed Mar 16 17:34:23.653458 2016] [core:error] [pid 24205] [client 64.39.103.229:45704] AH00135: Invalid method in request get /index.html HTTP/1.0
[Wed Mar 16 17:34:29.066048 2016] [core:error] [pid 24207] [client 64.39.103.229:46624] AH00126: Invalid URI in request   HEAD / HTTP/1.0
[Wed Mar 16 17:34:29.359739 2016] [:error] [pid 31895] [client 64.39.103.229:46687] script '/home/cs2830/wow.centralus.cloudapp.azure.com/public_html/add_comment.php' not found or unable to stat
[Wed Mar 16 17:34:29.360728 2016] [:error] [pid 24208] [client 64.39.103.229:46689] script '/home/cs2830/wow.centralus.cloudapp.azure.com/public_html/article.php' not found or unable to stat
[Wed Mar 16 17:34:29.561858 2016] [core:error] [pid 24208] [client 64.39.103.229:46734] AH00126: Invalid URI in request   HEAD / HTTP/1.0
[Wed Mar 16 17:34:29.582424 2016] [core:error] [pid 24203] [client 64.39.103.229:46742] AH00082: an unknown filter was not added: includes
[Wed Mar 16 17:34:29.692435 2016] [core:error] [pid 24205] [client 64.39.103.229:46769] AH00082: an unknown filter was not added: includes
[Wed Mar 16 17:34:29.913615 2016] [core:error] [pid 24207] [client 64.39.103.229:46817] AH00082: an unknown filter was not added: includes
[Wed Mar 16 17:34:30.024630 2016] [core:error] [pid 24205] [client 64.39.103.229:46841] AH00082: an unknown filter was not added: includes
[Wed Mar 16 17:34:30.135658 2016] [:error] [pid 30321] [client 64.39.103.229:46867] script '/home/cs2830/wow.centralus.cloudapp.azure.com/public_html/APIBase.php' not found or unable to stat
[Wed Mar 16 17:34:30.355447 2016] [core:error] [pid 30321] [client 64.39.103.229:46913] AH00082: an unknown filter was not added: includes
[Wed Mar 16 17:34:30.465147 2016] [core:error] [pid 14808] [client 64.39.103.229:46938] AH00082: an unknown filter was not added: includes
[Wed Mar 16 17:34:30.684942 2016] [core:error] [pid 24207] [client 64.39.103.229:46989] AH00082: an unknown filter was not added: includes
[Wed Mar 16 17:34:30.793993 2016] [core:error] [pid 24205] [client 64.39.103.229:47015] AH00082: an unknown filter was not added: includes
[Wed Mar 16 17:34:31.125985 2016] [core:error] [pid 24207] [client 64.39.103.229:47084] AH00082: an unknown filter was not added: includes
[Wed Mar 16 17:34:31.236064 2016] [core:error] [pid 14808] [client 64.39.103.229:47107] AH00082: an unknown filter was not added: includes
[Wed Mar 16 17:34:31.236298 2016] [:error] [pid 24203] [client 64.39.103.229:47108] script '/home/cs2830/wow.centralus.cloudapp.azure.com/public_html/view.inc.php' not found or unable to stat
[Wed Mar 16 17:34:31.455642 2016] [core:error] [pid 24203] [client 64.39.103.229:47153] AH00082: an unknown filter was not added: includes
[Wed Mar 16 17:34:31.565357 2016] [core:error] [pid 24207] [client 64.39.103.229:47177] AH00082: an unknown filter was not added: includes
[Wed Mar 16 17:34:31.894213 2016] [core:error] [pid 14808] [client 64.39.103.229:47245] AH00082: an unknown filter was not added: includes
[Wed Mar 16 17:34:31.894390 2016] [:error] [pid 14810] [client 64.39.103.229:47244] script '/home/cs2830/wow.centralus.cloudapp.azure.com/public_html/displaytable.php' not found or unable to stat
[Wed Mar 16 17:34:32.004397 2016] [core:error] [pid 30321] [client 64.39.103.229:47270] AH00082: an unknown filter was not added: includes
[Wed Mar 16 17:34:32.224026 2016] [core:error] [pid 30321] [client 64.39.103.229:47313] AH00082: an unknown filter was not added: includes
[Wed Mar 16 17:34:32.334049 2016] [core:error] [pid 14810] [client 64.39.103.229:47333] AH00082: an unknown filter was not added: includes
[Wed Mar 16 17:34:32.667841 2016] [core:error] [pid 30321] [client 64.39.103.229:47399] AH00082: an unknown filter was not added: includes
[Wed Mar 16 17:34:32.776651 2016] [core:error] [pid 14808] [client 64.39.103.229:47420] AH00082: an unknown filter was not added: includes
[Wed Mar 16 17:34:32.995865 2016] [core:error] [pid 24203] [client 64.39.103.229:47458] AH00082: an unknown filter was not added: includes
[Wed Mar 16 17:34:33.105933 2016] [core:error] [pid 24207] [client 64.39.103.229:47480] AH00082: an unknown filter was not added: includes
[Wed Mar 16 17:34:33.435530 2016] [core:error] [pid 24207] [client 64.39.103.229:47541] AH00082: an unknown filter was not added: includes
[Wed Mar 16 17:34:33.544982 2016] [core:error] [pid 30321] [client 64.39.103.229:47559] AH00082: an unknown filter was not added: includes
[Wed Mar 16 17:34:33.545767 2016] [:error] [pid 24206] [client 64.39.103.229:47560] script '/home/cs2830/wow.centralus.cloudapp.azure.com/public_html/thatfile.php' not found or unable to stat
[Wed Mar 16 17:34:33.765317 2016] [core:error] [pid 24207] [client 64.39.103.229:47597] AH00082: an unknown filter was not added: includes
[Wed Mar 16 17:34:33.875079 2016] [core:error] [pid 30321] [client 64.39.103.229:47616] AH00082: an unknown filter was not added: includes
[Wed Mar 16 17:34:34.108972 2016] [:error] [pid 14810] [client 64.39.103.229:47654] script '/home/cs2830/wow.centralus.cloudapp.azure.com/public_html/sql.php' not found or unable to stat
[Wed Mar 16 17:34:34.206013 2016] [core:error] [pid 30321] [client 64.39.103.229:47670] AH00082: an unknown filter was not added: includes
[Wed Mar 16 17:34:34.220359 2016] [:error] [pid 24206] [client 64.39.103.229:47673] script '/home/cs2830/wow.centralus.cloudapp.azure.com/public_html/sql.php3' not found or unable to stat
[Wed Mar 16 17:34:34.316892 2016] [core:error] [pid 24205] [client 64.39.103.229:47687] AH00082: an unknown filter was not added: includes
[Wed Mar 16 17:34:34.536946 2016] [core:error] [pid 30321] [client 64.39.103.229:47720] AH00082: an unknown filter was not added: includes
[Wed Mar 16 17:34:34.646832 2016] [core:error] [pid 24205] [client 64.39.103.229:47736] AH00082: an unknown filter was not added: includes
[Wed Mar 16 17:34:34.775850 2016] [:error] [pid 14810] [client 64.39.103.229:47759] script '/home/cs2830/wow.centralus.cloudapp.azure.com/public_html/sql.php' not found or unable to stat
[Wed Mar 16 17:34:34.888868 2016] [:error] [pid 24206] [client 64.39.103.229:47776] script '/home/cs2830/wow.centralus.cloudapp.azure.com/public_html/sql.php3' not found or unable to stat
[Wed Mar 16 17:34:34.976286 2016] [core:error] [pid 24205] [client 64.39.103.229:47796] AH00082: an unknown filter was not added: includes
[Wed Mar 16 17:34:35.085704 2016] [core:error] [pid 14810] [client 64.39.103.229:47816] AH00082: an unknown filter was not added: includes
[Wed Mar 16 17:34:35.219543 2016] [:error] [pid 24205] [client 64.39.103.229:47839] script '/home/cs2830/wow.centralus.cloudapp.azure.com/public_html/checklogin.php' not found or unable to stat
[Wed Mar 16 17:34:35.304504 2016] [core:error] [pid 24207] [client 64.39.103.229:47855] AH00082: an unknown filter was not added: includes
[Wed Mar 16 17:34:35.413783 2016] [core:error] [pid 24206] [client 64.39.103.229:47872] AH00082: an unknown filter was not added: includes
[Wed Mar 16 17:34:35.746745 2016] [core:error] [pid 14810] [client 64.39.103.229:47925] AH00082: an unknown filter was not added: includes
[Wed Mar 16 17:34:35.855395 2016] [core:error] [pid 31895] [client 64.39.103.229:47939] AH00082: an unknown filter was not added: includes
[Wed Mar 16 17:34:36.073350 2016] [core:error] [pid 24203] [client 64.39.103.229:47971] AH00082: an unknown filter was not added: includes
[Wed Mar 16 17:34:36.183188 2016] [core:error] [pid 14810] [client 64.39.103.229:47990] AH00082: an unknown filter was not added: includes
[Wed Mar 16 17:34:36.513907 2016] [core:error] [pid 24208] [client 64.39.103.229:48038] AH00082: an unknown filter was not added: includes
[Wed Mar 16 17:34:36.623562 2016] [core:error] [pid 24203] [client 64.39.103.229:48051] AH00082: an unknown filter was not added: includes
[Wed Mar 16 17:34:36.841574 2016] [core:error] [pid 31895] [client 64.39.103.229:48082] AH00082: an unknown filter was not added: includes
[Wed Mar 16 17:34:36.950541 2016] [core:error] [pid 24205] [client 64.39.103.229:48096] AH00082: an unknown filter was not added: includes
[Wed Mar 16 17:34:37.278510 2016] [core:error] [pid 14810] [client 64.39.103.229:48147] AH00082: an unknown filter was not added: includes
[Wed Mar 16 17:34:37.387837 2016] [core:error] [pid 31895] [client 64.39.103.229:48165] AH00082: an unknown filter was not added: includes
[Wed Mar 16 17:34:37.605843 2016] [core:error] [pid 24208] [client 64.39.103.229:48200] AH00082: an unknown filter was not added: includes
[Wed Mar 16 17:34:37.714561 2016] [core:error] [pid 24203] [client 64.39.103.229:48210] AH00082: an unknown filter was not added: includes
[Wed Mar 16 17:34:38.042926 2016] [core:error] [pid 24205] [client 64.39.103.229:48262] AH00082: an unknown filter was not added: includes
[Wed Mar 16 17:34:38.153076 2016] [core:error] [pid 24208] [client 64.39.103.229:48276] AH00082: an unknown filter was not added: includes
[Wed Mar 16 17:34:38.373256 2016] [core:error] [pid 14811] [client 64.39.103.229:48307] AH00082: an unknown filter was not added: includes
[Wed Mar 16 17:34:38.482548 2016] [core:error] [pid 31895] [client 64.39.103.229:48324] AH00082: an unknown filter was not added: includes
[Wed Mar 16 17:34:49.214022 2016] [core:error] [pid 30321] [client 64.39.103.229:49539] AH00126: Invalid URI in request GET mediawiki-1.16.0beta2 HTTP/1.1
[Wed Mar 16 17:34:49.314068 2016] [core:error] [pid 31895] [client 64.39.103.229:49979] AH00126: Invalid URI in request GET bad397 HTTP/1.1
[Wed Mar 16 17:34:49.818018 2016] [:error] [pid 24205] [client 64.39.103.229:50065] script '/home/cs2830/wow.centralus.cloudapp.azure.com/public_html/admin.php3' not found or unable to stat
[Wed Mar 16 17:34:49.878056 2016] [authz_core:error] [pid 24205] [client 64.39.103.229:50065] AH01630: client denied by server configuration: /home/cs2830/wow.centralus.cloudapp.azure.com/public_html/.htaccess
[Wed Mar 16 17:34:52.614017 2016] [:error] [pid 24208] [client 64.39.103.229:50477] script '/home/cs2830/wow.centralus.cloudapp.azure.com/public_html/index.php3' not found or unable to stat
[Wed Mar 16 17:34:52.674069 2016] [:error] [pid 24208] [client 64.39.103.229:50477] script '/home/cs2830/wow.centralus.cloudapp.azure.com/public_html/stats.php' not found or unable to stat
[Wed Mar 16 17:34:52.854397 2016] [:error] [pid 24208] [client 64.39.103.229:50477] script '/home/cs2830/wow.centralus.cloudapp.azure.com/public_html/index.php' not found or unable to stat
[Wed Mar 16 17:34:52.893548 2016] [core:error] [pid 24205] [client 64.39.103.229:50065] AH00126: Invalid URI in request GET /servlet/com.livesoftware.jrun.plugins.ssi.SSIFilter/../../../../../../../boot.ini HTTP/1.1
[Wed Mar 16 17:34:52.915281 2016] [:error] [pid 24208] [client 64.39.103.229:50477] script '/home/cs2830/wow.centralus.cloudapp.azure.com/public_html/modules.php' not found or unable to stat
[Wed Mar 16 17:34:52.993133 2016] [core:error] [pid 30321] [client 64.39.103.229:50615] AH00126: Invalid URI in request GET /servlet/com.livesoftware.jrun.plugins.ssi.SSIFilter/../../../../../../../etc/passwd HTTP/1.1
[Wed Mar 16 17:34:53.338246 2016] [:error] [pid 24208] [client 64.39.103.229:50477] script '/home/cs2830/wow.centralus.cloudapp.azure.com/public_html/ubbthreads.php' not found or unable to stat
[Wed Mar 16 17:34:53.399027 2016] [:error] [pid 24208] [client 64.39.103.229:50477] script '/home/cs2830/wow.centralus.cloudapp.azure.com/public_html/index.php' not found or unable to stat
[Wed Mar 16 17:34:53.459117 2016] [:error] [pid 24208] [client 64.39.103.229:50477] script '/home/cs2830/wow.centralus.cloudapp.azure.com/public_html/index.php' not found or unable to stat
[Wed Mar 16 17:34:53.639083 2016] [:error] [pid 24208] [client 64.39.103.229:50477] script '/home/cs2830/wow.centralus.cloudapp.azure.com/public_html/add_user.php' not found or unable to stat
[Wed Mar 16 17:34:53.696796 2016] [:error] [pid 24207] [client 64.39.103.229:50637] script '/home/cs2830/wow.centralus.cloudapp.azure.com/public_html/common.php' not found or unable to stat
[Wed Mar 16 17:34:53.699601 2016] [:error] [pid 24208] [client 64.39.103.229:50477] script '/home/cs2830/wow.centralus.cloudapp.azure.com/public_html/main.php' not found or unable to stat
[Wed Mar 16 17:34:53.820954 2016] [:error] [pid 24208] [client 64.39.103.229:50477] script '/home/cs2830/wow.centralus.cloudapp.azure.com/public_html/recipe_view.php' not found or unable to stat
[Wed Mar 16 17:34:53.880838 2016] [:error] [pid 24208] [client 64.39.103.229:50477] script '/home/cs2830/wow.centralus.cloudapp.azure.com/public_html/recipe_search.php' not found or unable to stat
[Wed Mar 16 17:34:54.060771 2016] [:error] [pid 24208] [client 64.39.103.229:50477] script '/home/cs2830/wow.centralus.cloudapp.azure.com/public_html/no5_such3_file7.php' not found or unable to stat
[Wed Mar 16 17:34:54.301462 2016] [:error] [pid 24207] [client 64.39.103.229:50637] script '/home/cs2830/wow.centralus.cloudapp.azure.com/public_html/banners.php' not found or unable to stat
[Wed Mar 16 17:34:54.361193 2016] [:error] [pid 24207] [client 64.39.103.229:50637] script '/home/cs2830/wow.centralus.cloudapp.azure.com/public_html/admin.php' not found or unable to stat
[Wed Mar 16 17:34:54.794137 2016] [:error] [pid 26367] [client 64.39.103.229:50958] script '/home/cs2830/wow.centralus.cloudapp.azure.com/public_html/fullnews.php' not found or unable to stat
[Wed Mar 16 17:34:54.841895 2016] [:error] [pid 24208] [client 64.39.103.229:50477] script '/home/cs2830/wow.centralus.cloudapp.azure.com/public_html/login.php' not found or unable to stat
[Wed Mar 16 17:34:54.854111 2016] [core:error] [pid 26367] [client 64.39.103.229:50958] AH00135: Invalid method in request asdf
[Wed Mar 16 17:34:54.900714 2016] [:error] [pid 24207] [client 64.39.103.229:50637] script '/home/cs2830/wow.centralus.cloudapp.azure.com/public_html/index2.php' not found or unable to stat
[Wed Mar 16 17:34:54.954375 2016] [core:error] [pid 24205] [client 64.39.103.229:51001] AH00126: Invalid URI in request GET /../../../../../../../../../../../../../../../../../../boot.ini HTTP/1.1
[Wed Mar 16 17:34:54.960164 2016] [:error] [pid 24207] [client 64.39.103.229:50637] script '/home/cs2830/wow.centralus.cloudapp.azure.com/public_html/network_query.php' not found or unable to stat
[Wed Mar 16 17:34:54.961765 2016] [:error] [pid 24208] [client 64.39.103.229:50477] script '/home/cs2830/wow.centralus.cloudapp.azure.com/public_html/modules.php' not found or unable to stat
[Wed Mar 16 17:34:55.019745 2016] [:error] [pid 24207] [client 64.39.103.229:50637] script '/home/cs2830/wow.centralus.cloudapp.azure.com/public_html/network_query.php' not found or unable to stat
[Wed Mar 16 17:34:55.080370 2016] [:error] [pid 24207] [client 64.39.103.229:50637] script '/home/cs2830/wow.centralus.cloudapp.azure.com/public_html/nqt.php' not found or unable to stat
[Wed Mar 16 17:34:55.080687 2016] [:error] [pid 24208] [client 64.39.103.229:50477] script '/home/cs2830/wow.centralus.cloudapp.azure.com/public_html/del.php' not found or unable to stat
[Wed Mar 16 17:34:55.140180 2016] [:error] [pid 24208] [client 64.39.103.229:50477] script '/home/cs2830/wow.centralus.cloudapp.azure.com/public_html/plugin.php' not found or unable to stat
[Wed Mar 16 17:34:55.140334 2016] [:error] [pid 24207] [client 64.39.103.229:50637] script '/home/cs2830/wow.centralus.cloudapp.azure.com/public_html/nqt.php' not found or unable to stat
[Wed Mar 16 17:34:55.174328 2016] [:error] [pid 24206] [client 64.39.103.229:51022] script '/home/cs2830/wow.centralus.cloudapp.azure.com/public_html/modules.php' not found or unable to stat
[Wed Mar 16 17:34:55.199719 2016] [:error] [pid 24208] [client 64.39.103.229:50477] script '/home/cs2830/wow.centralus.cloudapp.azure.com/public_html/plugin.php' not found or unable to stat
[Wed Mar 16 17:34:55.260196 2016] [:error] [pid 24208] [client 64.39.103.229:50477] script '/home/cs2830/wow.centralus.cloudapp.azure.com/public_html/globals.php' not found or unable to stat
[Wed Mar 16 17:34:55.320431 2016] [:error] [pid 24208] [client 64.39.103.229:50477] script '/home/cs2830/wow.centralus.cloudapp.azure.com/public_html/globals.php3' not found or unable to stat
[Wed Mar 16 17:34:55.354666 2016] [:error] [pid 24206] [client 64.39.103.229:51022] script '/home/cs2830/wow.centralus.cloudapp.azure.com/public_html/imagewin.php' not found or unable to stat
[Wed Mar 16 17:34:55.380818 2016] [:error] [pid 24208] [client 64.39.103.229:50477] script '/home/cs2830/wow.centralus.cloudapp.azure.com/public_html/install.php' not found or unable to stat
[Wed Mar 16 17:34:55.414703 2016] [:error] [pid 24206] [client 64.39.103.229:51022] script '/home/cs2830/wow.centralus.cloudapp.azure.com/public_html/view.php' not found or unable to stat
[Wed Mar 16 17:34:55.441178 2016] [core:error] [pid 24208] [client 64.39.103.229:50477] AH00126: Invalid URI in request GET /%2e%2e/%2e%2e/%2e%2e/%2e%2e/%2e%2e/%2e%2e/%2e%2e/%2e%2e/%2e%2e/%2e%2e/%2e%2e/%2e%2e/boot.ini HTTP/1.1
[Wed Mar 16 17:34:55.469765 2016] [:error] [pid 26367] [client 64.39.103.229:51110] script '/home/cs2830/wow.centralus.cloudapp.azure.com/public_html/info.php3' not found or unable to stat
[Wed Mar 16 17:34:55.530511 2016] [:error] [pid 26367] [client 64.39.103.229:51110] script '/home/cs2830/wow.centralus.cloudapp.azure.com/public_html/phptest.php3' not found or unable to stat
[Wed Mar 16 17:34:55.534518 2016] [:error] [pid 24206] [client 64.39.103.229:51022] script '/home/cs2830/wow.centralus.cloudapp.azure.com/public_html/bug_sponsorship_list_view_inc.php' not found or unable to stat
[Wed Mar 16 17:34:55.541022 2016] [core:error] [pid 24207] [client 64.39.103.229:51129] AH00126: Invalid URI in request GET /%2e%2e/%2e%2e/%2e%2e/%2e%2e/%2e%2e/%2e%2e/%2e%2e/%2e%2e/%2e%2e/%2e%2e/%2e%2e/%2e%2e/etc/passwd HTTP/1.1
[Wed Mar 16 17:34:55.590759 2016] [core:error] [pid 26367] [client 64.39.103.229:51110] AH00135: Invalid method in request get / HTTP/1.1
[Wed Mar 16 17:34:56.082672 2016] [:error] [pid 24206] [client 64.39.103.229:51022] script '/home/cs2830/wow.centralus.cloudapp.azure.com/public_html/login.php' not found or unable to stat
[Wed Mar 16 17:34:56.187539 2016] [:error] [pid 30321] [client 64.39.103.229:51153] script '/home/cs2830/wow.centralus.cloudapp.azure.com/public_html/redir.php' not found or unable to stat
[Wed Mar 16 17:34:56.248585 2016] [:error] [pid 30321] [client 64.39.103.229:51153] script '/home/cs2830/wow.centralus.cloudapp.azure.com/public_html/quick_reply.php' not found or unable to stat
[Wed Mar 16 17:34:56.308674 2016] [:error] [pid 30321] [client 64.39.103.229:51153] script '/home/cs2830/wow.centralus.cloudapp.azure.com/public_html/phpinfo.php' not found or unable to stat
[Wed Mar 16 17:34:56.368622 2016] [:error] [pid 30321] [client 64.39.103.229:51153] script '/home/cs2830/wow.centralus.cloudapp.azure.com/public_html/info.php' not found or unable to stat
[Wed Mar 16 17:34:56.428684 2016] [:error] [pid 30321] [client 64.39.103.229:51153] script '/home/cs2830/wow.centralus.cloudapp.azure.com/public_html/php.php' not found or unable to stat
[Wed Mar 16 17:34:56.489662 2016] [:error] [pid 30321] [client 64.39.103.229:51153] script '/home/cs2830/wow.centralus.cloudapp.azure.com/public_html/phptest.php' not found or unable to stat
[Wed Mar 16 17:34:56.551812 2016] [:error] [pid 30321] [client 64.39.103.229:51153] script '/home/cs2830/wow.centralus.cloudapp.azure.com/public_html/phpinfo.php3' not found or unable to stat
[Wed Mar 16 17:34:56.613412 2016] [:error] [pid 30321] [client 64.39.103.229:51153] script '/home/cs2830/wow.centralus.cloudapp.azure.com/public_html/info.php3' not found or unable to stat
[Wed Mar 16 17:34:56.674049 2016] [:error] [pid 30321] [client 64.39.103.229:51153] script '/home/cs2830/wow.centralus.cloudapp.azure.com/public_html/php.php3' not found or unable to stat
[Wed Mar 16 17:34:56.733656 2016] [:error] [pid 30321] [client 64.39.103.229:51153] script '/home/cs2830/wow.centralus.cloudapp.azure.com/public_html/phptest.php3' not found or unable to stat
[Wed Mar 16 17:34:56.935933 2016] [:error] [pid 24206] [client 64.39.103.229:51022] script '/home/cs2830/wow.centralus.cloudapp.azure.com/public_html/guestbook.php' not found or unable to stat
[Wed Mar 16 17:34:56.961040 2016] [core:error] [pid 31895] [client 64.39.103.229:50623] AH00126: Invalid URI in request GET \\ HTTP/1.1
[Wed Mar 16 17:34:57.167013 2016] [core:error] [pid 24207] [client 64.39.103.229:51461] AH00126: Invalid URI in request GET /%2e%2e/%2e%2e/%2e%2e/%2e%2e/%2e%2e/%2e%2e/%2e%2e/%2e%2e/%2e%2e/%2e%2e/%2e%2e/%2e%2e/boot.ini HTTP/1.1
[Wed Mar 16 17:34:57.266551 2016] [core:error] [pid 31895] [client 64.39.103.229:51487] AH00126: Invalid URI in request GET /%2e%2e/%2e%2e/%2e%2e/%2e%2e/%2e%2e/%2e%2e/%2e%2e/%2e%2e/%2e%2e/%2e%2e/%2e%2e/%2e%2e/etc/passwd HTTP/1.1
[Wed Mar 16 17:34:57.847234 2016] [:error] [pid 24208] [client 64.39.103.229:51506] script '/home/cs2830/wow.centralus.cloudapp.azure.com/public_html/phpinfo.php' not found or unable to stat
[Wed Mar 16 17:34:57.909870 2016] [:error] [pid 24208] [client 64.39.103.229:51506] script '/home/cs2830/wow.centralus.cloudapp.azure.com/public_html/info.php' not found or unable to stat
[Wed Mar 16 17:34:57.971396 2016] [:error] [pid 24208] [client 64.39.103.229:51506] script '/home/cs2830/wow.centralus.cloudapp.azure.com/public_html/php.php' not found or unable to stat
[Wed Mar 16 17:34:58.031094 2016] [:error] [pid 24208] [client 64.39.103.229:51506] script '/home/cs2830/wow.centralus.cloudapp.azure.com/public_html/phptest.php' not found or unable to stat
[Wed Mar 16 17:34:58.090990 2016] [:error] [pid 24208] [client 64.39.103.229:51506] script '/home/cs2830/wow.centralus.cloudapp.azure.com/public_html/phpinfo.php3' not found or unable to stat
[Wed Mar 16 17:35:04.166078 2016] [:error] [pid 14808] [client 64.39.103.229:52805] script '/home/cs2830/wow.centralus.cloudapp.azure.com/public_html/admin.php' not found or unable to stat
[Wed Mar 16 17:35:04.225758 2016] [:error] [pid 14808] [client 64.39.103.229:52805] script '/home/cs2830/wow.centralus.cloudapp.azure.com/public_html/x_stat_admin.php' not found or unable to stat
[Wed Mar 16 17:35:04.286042 2016] [:error] [pid 14808] [client 64.39.103.229:52805] script '/home/cs2830/wow.centralus.cloudapp.azure.com/public_html/x_stat_admin.php' not found or unable to stat
[Wed Mar 16 17:35:04.346649 2016] [:error] [pid 14808] [client 64.39.103.229:52805] script '/home/cs2830/wow.centralus.cloudapp.azure.com/public_html/x_stat_admin.php' not found or unable to stat
[Wed Mar 16 17:35:04.407033 2016] [:error] [pid 14808] [client 64.39.103.229:52805] script '/home/cs2830/wow.centralus.cloudapp.azure.com/public_html/home.php' not found or unable to stat
[Wed Mar 16 17:35:04.466931 2016] [:error] [pid 14808] [client 64.39.103.229:52805] script '/home/cs2830/wow.centralus.cloudapp.azure.com/public_html/imlist.php' not found or unable to stat
[Wed Mar 16 17:35:04.527053 2016] [:error] [pid 14808] [client 64.39.103.229:52805] script '/home/cs2830/wow.centralus.cloudapp.azure.com/public_html/imlist.php' not found or unable to stat
[Wed Mar 16 17:35:04.586781 2016] [:error] [pid 14808] [client 64.39.103.229:52805] script '/home/cs2830/wow.centralus.cloudapp.azure.com/public_html/nettools.php3' not found or unable to stat
[Wed Mar 16 17:35:04.647010 2016] [:error] [pid 14808] [client 64.39.103.229:52805] script '/home/cs2830/wow.centralus.cloudapp.azure.com/public_html/nettools.php3' not found or unable to stat
[Wed Mar 16 17:35:04.726470 2016] [:error] [pid 24205] [client 64.39.103.229:52861] script '/home/cs2830/wow.centralus.cloudapp.azure.com/public_html/anyvote.php3' not found or unable to stat
[Wed Mar 16 17:35:04.786462 2016] [:error] [pid 24205] [client 64.39.103.229:52861] script '/home/cs2830/wow.centralus.cloudapp.azure.com/public_html/modules.php' not found or unable to stat
[Wed Mar 16 17:35:04.846726 2016] [:error] [pid 24205] [client 64.39.103.229:52861] script '/home/cs2830/wow.centralus.cloudapp.azure.com/public_html/add.php3' not found or unable to stat
[Wed Mar 16 17:35:04.907561 2016] [:error] [pid 24205] [client 64.39.103.229:52861] script '/home/cs2830/wow.centralus.cloudapp.azure.com/public_html/add.php3' not found or unable to stat
[Wed Mar 16 17:35:04.970452 2016] [:error] [pid 24205] [client 64.39.103.229:52861] script '/home/cs2830/wow.centralus.cloudapp.azure.com/public_html/secure.php' not found or unable to stat
[Wed Mar 16 17:35:05.030481 2016] [:error] [pid 24205] [client 64.39.103.229:52861] script '/home/cs2830/wow.centralus.cloudapp.azure.com/public_html/ch_info.php' not found or unable to stat
[Wed Mar 16 17:35:05.090523 2016] [:error] [pid 24205] [client 64.39.103.229:52861] script '/home/cs2830/wow.centralus.cloudapp.azure.com/public_html/ch_info.php' not found or unable to stat
[Wed Mar 16 17:35:05.391558 2016] [:error] [pid 24205] [client 64.39.103.229:52861] script '/home/cs2830/wow.centralus.cloudapp.azure.com/public_html/admin.php' not found or unable to stat
[Wed Mar 16 17:35:05.451388 2016] [:error] [pid 24205] [client 64.39.103.229:52861] script '/home/cs2830/wow.centralus.cloudapp.azure.com/public_html/main.php' not found or unable to stat
[Wed Mar 16 17:35:05.459615 2016] [:error] [pid 14808] [client 64.39.103.229:52805] script '/home/cs2830/wow.centralus.cloudapp.azure.com/public_html/categorie.php3' not found or unable to stat
[Wed Mar 16 17:35:05.511741 2016] [:error] [pid 24205] [client 64.39.103.229:52861] script '/home/cs2830/wow.centralus.cloudapp.azure.com/public_html/phpimageview.php' not found or unable to stat
[Wed Mar 16 17:35:05.518674 2016] [:error] [pid 14808] [client 64.39.103.229:52805] script '/home/cs2830/wow.centralus.cloudapp.azure.com/public_html/login.php' not found or unable to stat
[Wed Mar 16 17:35:05.572450 2016] [:error] [pid 24205] [client 64.39.103.229:52861] script '/home/cs2830/wow.centralus.cloudapp.azure.com/public_html/editglbopt.php' not found or unable to stat
[Wed Mar 16 17:35:05.679995 2016] [core:error] [pid 30321] [client 64.39.103.229:53030] AH00126: Invalid URI in request GET /../../makebook-2.2/bookfile.html HTTP/1.1
[Wed Mar 16 17:35:06.054523 2016] [:error] [pid 24205] [client 64.39.103.229:52861] script '/home/cs2830/wow.centralus.cloudapp.azure.com/public_html/formmail.php' not found or unable to stat, referer: http://40.83.14.146
[Wed Mar 16 17:35:06.114408 2016] [:error] [pid 24205] [client 64.39.103.229:52861] script '/home/cs2830/wow.centralus.cloudapp.azure.com/public_html/dostuff.php' not found or unable to stat
[Wed Mar 16 17:35:06.143447 2016] [:error] [pid 24207] [client 64.39.103.229:53125] script '/home/cs2830/wow.centralus.cloudapp.azure.com/public_html/b2login.php' not found or unable to stat
[Wed Mar 16 17:35:06.174671 2016] [:error] [pid 24205] [client 64.39.103.229:52861] script '/home/cs2830/wow.centralus.cloudapp.azure.com/public_html/install.php' not found or unable to stat
[Wed Mar 16 17:35:06.235433 2016] [:error] [pid 24205] [client 64.39.103.229:52861] script '/home/cs2830/wow.centralus.cloudapp.azure.com/public_html/header.php' not found or unable to stat
[Wed Mar 16 17:35:06.264557 2016] [:error] [pid 24207] [client 64.39.103.229:53125] script '/home/cs2830/wow.centralus.cloudapp.azure.com/public_html/login_page.php' not found or unable to stat
[Wed Mar 16 17:35:06.324382 2016] [:error] [pid 24207] [client 64.39.103.229:53125] script '/home/cs2830/wow.centralus.cloudapp.azure.com/public_html/login_page.php' not found or unable to stat
[Wed Mar 16 17:35:06.355629 2016] [:error] [pid 24205] [client 64.39.103.229:52861] script '/home/cs2830/wow.centralus.cloudapp.azure.com/public_html/header.php' not found or unable to stat
[Wed Mar 16 17:35:06.384370 2016] [:error] [pid 24207] [client 64.39.103.229:53125] script '/home/cs2830/wow.centralus.cloudapp.azure.com/public_html/login_page.php' not found or unable to stat
[Wed Mar 16 17:35:06.446440 2016] [:error] [pid 24207] [client 64.39.103.229:53125] script '/home/cs2830/wow.centralus.cloudapp.azure.com/public_html/summary_graph_functions.php' not found or unable to stat
[Wed Mar 16 17:35:06.506377 2016] [:error] [pid 24207] [client 64.39.103.229:53125] script '/home/cs2830/wow.centralus.cloudapp.azure.com/public_html/admin_members.php' not found or unable to stat
[Wed Mar 16 17:35:06.566562 2016] [:error] [pid 24207] [client 64.39.103.229:53125] script '/home/cs2830/wow.centralus.cloudapp.azure.com/public_html/admin_config.php' not found or unable to stat
[Wed Mar 16 17:35:06.596474 2016] [:error] [pid 24205] [client 64.39.103.229:52861] script '/home/cs2830/wow.centralus.cloudapp.azure.com/public_html/read.php' not found or unable to stat
[Wed Mar 16 17:35:06.626928 2016] [:error] [pid 24207] [client 64.39.103.229:53125] script '/home/cs2830/wow.centralus.cloudapp.azure.com/public_html/admin_cat.php' not found or unable to stat
[Wed Mar 16 17:35:06.656545 2016] [:error] [pid 24205] [client 64.39.103.229:52861] script '/home/cs2830/wow.centralus.cloudapp.azure.com/public_html/post.php' not found or unable to stat
[Wed Mar 16 17:35:06.688468 2016] [:error] [pid 24207] [client 64.39.103.229:53125] script '/home/cs2830/wow.centralus.cloudapp.azure.com/public_html/admin_forum.php' not found or unable to stat
[Wed Mar 16 17:35:06.728554 2016] [:error] [pid 24205] [client 64.39.103.229:52861] script '/home/cs2830/wow.centralus.cloudapp.azure.com/public_html/list.php' not found or unable to stat
[Wed Mar 16 17:35:06.748443 2016] [:error] [pid 24207] [client 64.39.103.229:53125] script '/home/cs2830/wow.centralus.cloudapp.azure.com/public_html/login_page.php' not found or unable to stat
[Wed Mar 16 17:35:06.808400 2016] [:error] [pid 24207] [client 64.39.103.229:53125] script '/home/cs2830/wow.centralus.cloudapp.azure.com/public_html/login_page.php' not found or unable to stat
[Wed Mar 16 17:35:06.868427 2016] [:error] [pid 24207] [client 64.39.103.229:53125] script '/home/cs2830/wow.centralus.cloudapp.azure.com/public_html/login_page.php' not found or unable to stat
[Wed Mar 16 17:35:07.230070 2016] [:error] [pid 24207] [client 64.39.103.229:53125] script '/home/cs2830/wow.centralus.cloudapp.azure.com/public_html/modules.php' not found or unable to stat
[Wed Mar 16 17:35:07.273523 2016] [:error] [pid 24205] [client 64.39.103.229:52861] script '/home/cs2830/wow.centralus.cloudapp.azure.com/public_html/default.php' not found or unable to stat
[Wed Mar 16 17:35:07.393456 2016] [:error] [pid 24205] [client 64.39.103.229:52861] script '/home/cs2830/wow.centralus.cloudapp.azure.com/public_html/latestwap.php' not found or unable to stat
[Wed Mar 16 17:35:07.410926 2016] [:error] [pid 24207] [client 64.39.103.229:53125] script '/home/cs2830/wow.centralus.cloudapp.azure.com/public_html/no5_such3_file7.php' not found or unable to stat
[Wed Mar 16 17:35:07.458502 2016] [:error] [pid 31895] [client 64.39.103.229:53435] script '/home/cs2830/wow.centralus.cloudapp.azure.com/public_html/posting.php' not found or unable to stat
[Wed Mar 16 17:35:07.470954 2016] [:error] [pid 24207] [client 64.39.103.229:53125] script '/home/cs2830/wow.centralus.cloudapp.azure.com/public_html/modules.php' not found or unable to stat
[Wed Mar 16 17:35:07.530857 2016] [:error] [pid 24207] [client 64.39.103.229:53125] script '/home/cs2830/wow.centralus.cloudapp.azure.com/public_html/modules.php' not found or unable to stat
[Wed Mar 16 17:35:07.535074 2016] [:error] [pid 14811] [client 64.39.103.229:52659] script '/home/cs2830/wow.centralus.cloudapp.azure.com/public_html/index.phtml' not found or unable to stat
[Wed Mar 16 17:35:07.591056 2016] [:error] [pid 24207] [client 64.39.103.229:53125] script '/home/cs2830/wow.centralus.cloudapp.azure.com/public_html/modules.php' not found or unable to stat
[Wed Mar 16 17:35:07.650922 2016] [:error] [pid 24207] [client 64.39.103.229:53125] script '/home/cs2830/wow.centralus.cloudapp.azure.com/public_html/article.php' not found or unable to stat
[Wed Mar 16 17:35:07.662429 2016] [:error] [pid 24206] [client 64.39.103.229:52743] script '/home/cs2830/wow.centralus.cloudapp.azure.com/public_html/status.php3' not found or unable to stat
[Wed Mar 16 17:35:07.700452 2016] [:error] [pid 31895] [client 64.39.103.229:53435] script '/home/cs2830/wow.centralus.cloudapp.azure.com/public_html/search.php' not found or unable to stat
[Wed Mar 16 17:35:07.710863 2016] [:error] [pid 24207] [client 64.39.103.229:53125] script '/home/cs2830/wow.centralus.cloudapp.azure.com/public_html/add.php' not found or unable to stat
[Wed Mar 16 17:35:07.722148 2016] [:error] [pid 24206] [client 64.39.103.229:52743] script '/home/cs2830/wow.centralus.cloudapp.azure.com/public_html/status.php3' not found or unable to stat
[Wed Mar 16 17:35:07.770869 2016] [:error] [pid 24207] [client 64.39.103.229:53125] script '/home/cs2830/wow.centralus.cloudapp.azure.com/public_html/add.php' not found or unable to stat
[Wed Mar 16 17:35:07.781838 2016] [:error] [pid 24206] [client 64.39.103.229:52743] script '/home/cs2830/wow.centralus.cloudapp.azure.com/public_html/status.php3' not found or unable to stat
[Wed Mar 16 17:35:07.843195 2016] [:error] [pid 24206] [client 64.39.103.229:52743] script '/home/cs2830/wow.centralus.cloudapp.azure.com/public_html/edit_image.php' not found or unable to stat
[Wed Mar 16 17:35:07.946038 2016] [:error] [pid 31895] [client 64.39.103.229:53435] script '/home/cs2830/wow.centralus.cloudapp.azure.com/public_html/viewtopic.php' not found or unable to stat
[Wed Mar 16 17:35:08.005936 2016] [:error] [pid 31895] [client 64.39.103.229:53435] script '/home/cs2830/wow.centralus.cloudapp.azure.com/public_html/viewtopic.php' not found or unable to stat
[Wed Mar 16 17:35:08.010802 2016] [:error] [pid 24207] [client 64.39.103.229:53125] script '/home/cs2830/wow.centralus.cloudapp.azure.com/public_html/entete.php' not found or unable to stat
[Wed Mar 16 17:35:08.070763 2016] [:error] [pid 24207] [client 64.39.103.229:53125] script '/home/cs2830/wow.centralus.cloudapp.azure.com/public_html/enteteacceuil.php' not found or unable to stat
[Wed Mar 16 17:35:08.130944 2016] [:error] [pid 24207] [client 64.39.103.229:53125] script '/home/cs2830/wow.centralus.cloudapp.azure.com/public_html/newtopic.php' not found or unable to stat
[Wed Mar 16 17:35:08.143828 2016] [:error] [pid 24206] [client 64.39.103.229:52743] script '/home/cs2830/wow.centralus.cloudapp.azure.com/public_html/modules.php' not found or unable to stat
[Wed Mar 16 17:35:08.204606 2016] [:error] [pid 24206] [client 64.39.103.229:52743] script '/home/cs2830/wow.centralus.cloudapp.azure.com/public_html/modules.php' not found or unable to stat
[Wed Mar 16 17:35:08.371553 2016] [:error] [pid 24207] [client 64.39.103.229:53125] script '/home/cs2830/wow.centralus.cloudapp.azure.com/public_html/bb_smilies.php' not found or unable to stat
[Wed Mar 16 17:35:08.429105 2016] [:error] [pid 31895] [client 64.39.103.229:53435] script '/home/cs2830/wow.centralus.cloudapp.azure.com/public_html/memberlist.php' not found or unable to stat
[Wed Mar 16 17:35:08.430613 2016] [:error] [pid 24207] [client 64.39.103.229:53125] script '/home/cs2830/wow.centralus.cloudapp.azure.com/public_html/opendir.php' not found or unable to stat
[Wed Mar 16 17:35:08.490819 2016] [:error] [pid 24207] [client 64.39.103.229:53125] script '/home/cs2830/wow.centralus.cloudapp.azure.com/public_html/opendir.php' not found or unable to stat
[Wed Mar 16 17:35:08.670937 2016] [:error] [pid 31895] [client 64.39.103.229:53435] script '/home/cs2830/wow.centralus.cloudapp.azure.com/public_html/member2.php' not found or unable to stat
[Wed Mar 16 17:35:08.848238 2016] [:error] [pid 14810] [client 64.39.103.229:53715] script '/home/cs2830/wow.centralus.cloudapp.azure.com/public_html/edit.php' not found or unable to stat
[Wed Mar 16 17:35:08.879465 2016] [:error] [pid 26367] [client 64.39.103.229:53722] script '/home/cs2830/wow.centralus.cloudapp.azure.com/public_html/smileys.php' not found or unable to stat
[Wed Mar 16 17:35:08.909909 2016] [:error] [pid 14810] [client 64.39.103.229:53715] script '/home/cs2830/wow.centralus.cloudapp.azure.com/public_html/help.php' not found or unable to stat
[Wed Mar 16 17:35:08.918422 2016] [:error] [pid 24206] [client 64.39.103.229:52743] script '/home/cs2830/wow.centralus.cloudapp.azure.com/public_html/article.php' not found or unable to stat
[Wed Mar 16 17:35:08.938569 2016] [:error] [pid 26367] [client 64.39.103.229:53722] script '/home/cs2830/wow.centralus.cloudapp.azure.com/public_html/login.php' not found or unable to stat
[Wed Mar 16 17:35:09.000118 2016] [:error] [pid 26367] [client 64.39.103.229:53722] script '/home/cs2830/wow.centralus.cloudapp.azure.com/public_html/register.php' not found or unable to stat
[Wed Mar 16 17:35:09.031760 2016] [:error] [pid 14810] [client 64.39.103.229:53715] script '/home/cs2830/wow.centralus.cloudapp.azure.com/public_html/viewCart.php' not found or unable to stat
[Wed Mar 16 17:35:09.059630 2016] [:error] [pid 26367] [client 64.39.103.229:53722] script '/home/cs2830/wow.centralus.cloudapp.azure.com/public_html/register.php' not found or unable to stat
[Wed Mar 16 17:35:09.199850 2016] [:error] [pid 30321] [client 64.39.103.229:53770] script '/home/cs2830/wow.centralus.cloudapp.azure.com/public_html/prayerboard.php' not found or unable to stat
[Wed Mar 16 17:35:09.259908 2016] [:error] [pid 30321] [client 64.39.103.229:53770] script '/home/cs2830/wow.centralus.cloudapp.azure.com/public_html/index.php3' not found or unable to stat
[Wed Mar 16 17:35:09.271760 2016] [authz_core:error] [pid 24207] [client 64.39.103.229:53125] AH01630: client denied by server configuration: /home/cs2830/wow.centralus.cloudapp.azure.com/public_html/server-status
[Wed Mar 16 17:35:09.298578 2016] [:error] [pid 26367] [client 64.39.103.229:53722] script '/home/cs2830/wow.centralus.cloudapp.azure.com/public_html/login.php' not found or unable to stat
[Wed Mar 16 17:35:09.312736 2016] [core:error] [pid 24206] [client 64.39.103.229:53795] AH00135: Invalid method in request TRACK / HTTP/1.1
[Wed Mar 16 17:35:09.359212 2016] [:error] [pid 26367] [client 64.39.103.229:53722] script '/home/cs2830/wow.centralus.cloudapp.azure.com/public_html/modules.php' not found or unable to stat
[Wed Mar 16 17:35:09.419645 2016] [:error] [pid 26367] [client 64.39.103.229:53722] script '/home/cs2830/wow.centralus.cloudapp.azure.com/public_html/modules.php' not found or unable to stat
[Wed Mar 16 17:35:09.443208 2016] [:error] [pid 30321] [client 64.39.103.229:53770] script '/home/cs2830/wow.centralus.cloudapp.azure.com/public_html/search.php' not found or unable to stat
[Wed Mar 16 17:35:09.458209 2016] [:error] [pid 24207] [client 64.39.103.229:53125] script '/home/cs2830/wow.centralus.cloudapp.azure.com/public_html/login.php' not found or unable to stat
[Wed Mar 16 17:35:09.479625 2016] [:error] [pid 26367] [client 64.39.103.229:53722] script '/home/cs2830/wow.centralus.cloudapp.azure.com/public_html/modules.php' not found or unable to stat
[Wed Mar 16 17:35:09.502985 2016] [:error] [pid 30321] [client 64.39.103.229:53770] script '/home/cs2830/wow.centralus.cloudapp.azure.com/public_html/search.php3' not found or unable to stat
[Wed Mar 16 17:35:09.594712 2016] [core:error] [pid 24208] [client 64.39.103.229:53824] AH00135: Invalid method in request CFYZ / HTTP/1.1
[Wed Mar 16 17:35:09.660611 2016] [:error] [pid 26367] [client 64.39.103.229:53722] script '/home/cs2830/wow.centralus.cloudapp.azure.com/public_html/modules.php' not found or unable to stat
[Wed Mar 16 17:35:09.682918 2016] [:error] [pid 30321] [client 64.39.103.229:53770] script '/home/cs2830/wow.centralus.cloudapp.azure.com/public_html/new-visitor.inc.php' not found or unable to stat
[Wed Mar 16 17:35:09.720741 2016] [:error] [pid 26367] [client 64.39.103.229:53722] script '/home/cs2830/wow.centralus.cloudapp.azure.com/public_html/expanded.php' not found or unable to stat
[Wed Mar 16 17:35:09.743168 2016] [:error] [pid 30321] [client 64.39.103.229:53770] script '/home/cs2830/wow.centralus.cloudapp.azure.com/public_html/files.inc.php' not found or unable to stat
[Wed Mar 16 17:35:09.759800 2016] [:error] [pid 24207] [client 64.39.103.229:53125] script '/home/cs2830/wow.centralus.cloudapp.azure.com/public_html/new.php' not found or unable to stat
[Wed Mar 16 17:35:09.802877 2016] [:error] [pid 30321] [client 64.39.103.229:53770] script '/home/cs2830/wow.centralus.cloudapp.azure.com/public_html/admin.php' not found or unable to stat
[Wed Mar 16 17:35:09.820524 2016] [:error] [pid 24207] [client 64.39.103.229:53125] script '/home/cs2830/wow.centralus.cloudapp.azure.com/public_html/list.php' not found or unable to stat
[Wed Mar 16 17:35:09.862976 2016] [:error] [pid 30321] [client 64.39.103.229:53770] script '/home/cs2830/wow.centralus.cloudapp.azure.com/public_html/options.inc.php' not found or unable to stat
[Wed Mar 16 17:35:09.875667 2016] [:error] [pid 14810] [client 64.39.103.229:53877] script '/home/cs2830/wow.centralus.cloudapp.azure.com/public_html/Reminder.php' not found or unable to stat
[Wed Mar 16 17:35:09.880571 2016] [:error] [pid 24207] [client 64.39.103.229:53125] script '/home/cs2830/wow.centralus.cloudapp.azure.com/public_html/networking_utils.php' not found or unable to stat
[Wed Mar 16 17:35:09.890519 2016] [:error] [pid 24203] [client 64.39.103.229:53884] script '/home/cs2830/wow.centralus.cloudapp.azure.com/public_html/send.php' not found or unable to stat
[Wed Mar 16 17:35:09.923085 2016] [:error] [pid 30321] [client 64.39.103.229:53770] script '/home/cs2830/wow.centralus.cloudapp.azure.com/public_html/config.inc.php' not found or unable to stat
[Wed Mar 16 17:35:09.936481 2016] [:error] [pid 14810] [client 64.39.103.229:53877] script '/home/cs2830/wow.centralus.cloudapp.azure.com/public_html/News.php' not found or unable to stat
[Wed Mar 16 17:35:09.940427 2016] [:error] [pid 24207] [client 64.39.103.229:53125] script '/home/cs2830/wow.centralus.cloudapp.azure.com/public_html/networking_utils.php' not found or unable to stat
[Wed Mar 16 17:35:09.982997 2016] [:error] [pid 30321] [client 64.39.103.229:53770] script '/home/cs2830/wow.centralus.cloudapp.azure.com/public_html/friendmail.php' not found or unable to stat
[Wed Mar 16 17:35:09.996518 2016] [:error] [pid 14810] [client 64.39.103.229:53877] script '/home/cs2830/wow.centralus.cloudapp.azure.com/public_html/hit.php' not found or unable to stat
[Wed Mar 16 17:35:10.001381 2016] [:error] [pid 24207] [client 64.39.103.229:53125] script '/home/cs2830/wow.centralus.cloudapp.azure.com/public_html/networking_utils.php' not found or unable to stat
[Wed Mar 16 17:35:10.013492 2016] [core:error] [pid 24203] [client 64.39.103.229:53884] AH00082: an unknown filter was not added: includes
[Wed Mar 16 17:35:10.043043 2016] [:error] [pid 30321] [client 64.39.103.229:53770] script '/home/cs2830/wow.centralus.cloudapp.azure.com/public_html/include.php' not found or unable to stat
[Wed Mar 16 17:35:10.061508 2016] [:error] [pid 24207] [client 64.39.103.229:53125] script '/home/cs2830/wow.centralus.cloudapp.azure.com/public_html/networking_utils.php' not found or unable to stat
[Wed Mar 16 17:35:10.097583 2016] [:error] [pid 26367] [client 64.39.103.229:53722] script '/home/cs2830/wow.centralus.cloudapp.azure.com/public_html/modules.php' not found or unable to stat
